Archive member included to satisfy reference by file (symbol)

c:/program files (x86)/atmel/studio/7.0/toolchain/avr8/avr8-gnu-toolchain/bin/../lib/gcc/avr/5.4.0/avrxmega7\libgcc.a(_udivmodsi4.o)
                              src/ASF/xmega/drivers/usart/usart.o (__udivmodsi4)
c:/program files (x86)/atmel/studio/7.0/toolchain/avr8/avr8-gnu-toolchain/bin/../lib/gcc/avr/5.4.0/avrxmega7\libgcc.a(_exit.o)
                              C:/Program Files (x86)/Atmel/Studio/7.0/Packs/atmel/XMEGAA_DFP/1.1.68/gcc/dev/atxmega128a1u/avrxmega7/crtatxmega128a1u.o (exit)
c:/program files (x86)/atmel/studio/7.0/toolchain/avr8/avr8-gnu-toolchain/bin/../lib/gcc/avr/5.4.0/avrxmega7\libgcc.a(_copy_data.o)
                              src/src/uart.o (__do_copy_data)
c:/program files (x86)/atmel/studio/7.0/toolchain/avr8/avr8-gnu-toolchain/bin/../lib/gcc/avr/5.4.0/avrxmega7\libgcc.a(_clear_bss.o)
                              src/ASF/common/utils/stdio/read.o (__do_clear_bss)
c:/program files (x86)/atmel/studio/7.0/toolchain/avr8/avr8-gnu-toolchain/bin/../lib/gcc/avr/5.4.0/avrxmega7\libgcc.a(_umulhisi3.o)
                              src/main.o (__umulhisi3)
c:/program files (x86)/atmel/studio/7.0/toolchain/avr8/avr8-gnu-toolchain/bin/../lib/gcc/avr/5.4.0/../../../../avr/lib/avrxmega7\libc.a(memcpy.o)
                              src/ASF/xmega/drivers/nvm/nvm.o (memcpy)
c:/program files (x86)/atmel/studio/7.0/toolchain/avr8/avr8-gnu-toolchain/bin/../lib/gcc/avr/5.4.0/../../../../avr/lib/avrxmega7\libc.a(fdevopen.o)
                              src/src/uart.o (fdevopen)
c:/program files (x86)/atmel/studio/7.0/toolchain/avr8/avr8-gnu-toolchain/bin/../lib/gcc/avr/5.4.0/../../../../avr/lib/avrxmega7\libc.a(iob.o)
                              c:/program files (x86)/atmel/studio/7.0/toolchain/avr8/avr8-gnu-toolchain/bin/../lib/gcc/avr/5.4.0/../../../../avr/lib/avrxmega7\libc.a(fdevopen.o) (__iob)
c:/program files (x86)/atmel/studio/7.0/toolchain/avr8/avr8-gnu-toolchain/bin/../lib/gcc/avr/5.4.0/../../../../avr/lib/avrxmega7\libc.a(puts.o)
                              src/main.o (puts)
c:/program files (x86)/atmel/studio/7.0/toolchain/avr8/avr8-gnu-toolchain/bin/../lib/gcc/avr/5.4.0/../../../../avr/lib/avrxmega7\libc.a(calloc.o)
                              c:/program files (x86)/atmel/studio/7.0/toolchain/avr8/avr8-gnu-toolchain/bin/../lib/gcc/avr/5.4.0/../../../../avr/lib/avrxmega7\libc.a(fdevopen.o) (calloc)
c:/program files (x86)/atmel/studio/7.0/toolchain/avr8/avr8-gnu-toolchain/bin/../lib/gcc/avr/5.4.0/../../../../avr/lib/avrxmega7\libc.a(malloc.o)
                              c:/program files (x86)/atmel/studio/7.0/toolchain/avr8/avr8-gnu-toolchain/bin/../lib/gcc/avr/5.4.0/../../../../avr/lib/avrxmega7\libc.a(calloc.o) (malloc)
c:/program files (x86)/atmel/studio/7.0/toolchain/avr8/avr8-gnu-toolchain/bin/../lib/gcc/avr/5.4.0/../../../../avr/lib/avrxmega7\libc.a(memset.o)
                              c:/program files (x86)/atmel/studio/7.0/toolchain/avr8/avr8-gnu-toolchain/bin/../lib/gcc/avr/5.4.0/../../../../avr/lib/avrxmega7\libc.a(calloc.o) (memset)

Allocating common symbols
Common symbol       size              file

ptr_get             0x2               src/ASF/common/utils/stdio/read.o
__brkval            0x2               c:/program files (x86)/atmel/studio/7.0/toolchain/avr8/avr8-gnu-toolchain/bin/../lib/gcc/avr/5.4.0/../../../../avr/lib/avrxmega7\libc.a(malloc.o)
ptr_put             0x2               src/ASF/common/utils/stdio/write.o
stdio_base          0x2               src/ASF/common/utils/stdio/write.o
__flp               0x2               c:/program files (x86)/atmel/studio/7.0/toolchain/avr8/avr8-gnu-toolchain/bin/../lib/gcc/avr/5.4.0/../../../../avr/lib/avrxmega7\libc.a(malloc.o)
__iob               0x6               c:/program files (x86)/atmel/studio/7.0/toolchain/avr8/avr8-gnu-toolchain/bin/../lib/gcc/avr/5.4.0/../../../../avr/lib/avrxmega7\libc.a(iob.o)

Discarded input sections

 .data          0x00000000        0x0 C:/Program Files (x86)/Atmel/Studio/7.0/Packs/atmel/XMEGAA_DFP/1.1.68/gcc/dev/atxmega128a1u/avrxmega7/crtatxmega128a1u.o
 .bss           0x00000000        0x0 C:/Program Files (x86)/Atmel/Studio/7.0/Packs/atmel/XMEGAA_DFP/1.1.68/gcc/dev/atxmega128a1u/avrxmega7/crtatxmega128a1u.o
 .group         0x00000000        0x8 src/src/ms5607.o
 .group         0x00000000        0x8 src/src/ms5607.o
 .group         0x00000000        0x8 src/src/ms5607.o
 .group         0x00000000        0x8 src/src/ms5607.o
 .group         0x00000000        0x8 src/src/ms5607.o
 .group         0x00000000        0x8 src/src/ms5607.o
 .group         0x00000000        0x8 src/src/ms5607.o
 .group         0x00000000        0x8 src/src/ms5607.o
 .group         0x00000000        0x8 src/src/ms5607.o
 .group         0x00000000        0x8 src/src/ms5607.o
 .group         0x00000000        0x8 src/src/ms5607.o
 .group         0x00000000        0x8 src/src/ms5607.o
 .group         0x00000000        0x8 src/src/ms5607.o
[...]
Memory Configuration

Name             Origin             Length             Attributes
text             0x00000000         0x00100000         xr
data             0x00802000         0x0000ffa0         rw !x
eeprom           0x00810000         0x00010000         rw !x
fuse             0x00820000         0x00000006         rw !x
lock             0x00830000         0x00000400         rw !x
signature        0x00840000         0x00000400         rw !x
user_signatures  0x00850000         0x00000400         rw !x
*default*        0x00000000         0xffffffff

Linker script and memory map

LOAD C:/Program Files (x86)/Atmel/Studio/7.0/Packs/atmel/XMEGAA_DFP/1.1.68/gcc/dev/atxmega128a1u/avrxmega7/crtatxmega128a1u.o
LOAD src/src/ms5607.o
LOAD src/src/spi_controller.o
LOAD src/src/uart.o
LOAD src/ASF/common/services/serial/usart_serial.o
LOAD src/ASF/common/utils/stdio/read.o
LOAD src/ASF/common/utils/stdio/write.o
LOAD src/ASF/xmega/drivers/usart/usart.o
LOAD src/src/timer_counter.o
LOAD src/ASF/common/services/clock/xmega/sysclk.o
LOAD src/ASF/xmega/drivers/nvm/nvm.o
LOAD src/ASF/xmega/drivers/nvm/nvm_asm.o
LOAD src/ASF/xmega/drivers/cpu/ccp.o
LOAD src/ASF/common/services/ioport/xmega/ioport_compat.o
LOAD src/ASF/xmega/boards/xmega_a1u_xplained_pro/board_init.o
LOAD src/main.o
START GROUP
LOAD c:/program files (x86)/atmel/studio/7.0/toolchain/avr8/avr8-gnu-toolchain/bin/../lib/gcc/avr/5.4.0/../../../../avr/lib/avrxmega7\libm.a
END GROUP
Address of section .BOOT set to 0x20000
START GROUP
LOAD c:/program files (x86)/atmel/studio/7.0/toolchain/avr8/avr8-gnu-toolchain/bin/../lib/gcc/avr/5.4.0/avrxmega7\libgcc.a
LOAD c:/program files (x86)/atmel/studio/7.0/toolchain/avr8/avr8-gnu-toolchain/bin/../lib/gcc/avr/5.4.0/../../../../avr/lib/avrxmega7\libm.a
LOAD c:/program files (x86)/atmel/studio/7.0/toolchain/avr8/avr8-gnu-toolchain/bin/../lib/gcc/avr/5.4.0/../../../../avr/lib/avrxmega7\libc.a
LOAD C:/Program Files (x86)/Atmel/Studio/7.0/Packs/atmel/XMEGAA_DFP/1.1.68/gcc/dev/atxmega128a1u/avrxmega7\libatxmega128a1u.a
END GROUP
                0x00100000                __TEXT_REGION_LENGTH__ = DEFINED (__TEXT_REGION_LENGTH__)?__TEXT_REGION_LENGTH__:0x100000
                0x0000ffa0                __DATA_REGION_LENGTH__ = DEFINED (__DATA_REGION_LENGTH__)?__DATA_REGION_LENGTH__:0xffa0
                0x00010000                __EEPROM_REGION_LENGTH__ = DEFINED (__EEPROM_REGION_LENGTH__)?__EEPROM_REGION_LENGTH__:0x10000
                [0x00000006]                __FUSE_REGION_LENGTH__ = DEFINED (__FUSE_REGION_LENGTH__)?__FUSE_REGION_LENGTH__:0x400
                0x00000400                __LOCK_REGION_LENGTH__ = DEFINED (__LOCK_REGION_LENGTH__)?__LOCK_REGION_LENGTH__:0x400
                0x00000400                __SIGNATURE_REGION_LENGTH__ = DEFINED (__SIGNATURE_REGION_LENGTH__)?__SIGNATURE_REGION_LENGTH__:0x400
                0x00000400                __USER_SIGNATURE_REGION_LENGTH__ = DEFINED (__USER_SIGNATURE_REGION_LENGTH__)?__USER_SIGNATURE_REGION_LENGTH__:0x400

.hash
 *(.hash)

.dynsym
 *(.dynsym)

.dynstr
 *(.dynstr)

.gnu.version
 *(.gnu.version)

.gnu.version_d
 *(.gnu.version_d)

.gnu.version_r
 *(.gnu.version_r)

.rel.init
 *(.rel.init)

.rela.init
 *(.rela.init)

.rel.text
 *(.rel.text)
 *(.rel.text.*)
 *(.rel.gnu.linkonce.t*)

.rela.text
 *(.rela.text)
 *(.rela.text.*)
 *(.rela.gnu.linkonce.t*)

.rel.fini
 *(.rel.fini)

.rela.fini
 *(.rela.fini)

.rel.rodata
 *(.rel.rodata)
 *(.rel.rodata.*)
 *(.rel.gnu.linkonce.r*)

.rela.rodata
 *(.rela.rodata)
 *(.rela.rodata.*)
 *(.rela.gnu.linkonce.r*)

.rel.data
 *(.rel.data)
 *(.rel.data.*)
 *(.rel.gnu.linkonce.d*)

.rela.data
 *(.rela.data)
 *(.rela.data.*)
 *(.rela.gnu.linkonce.d*)

.rel.ctors
 *(.rel.ctors)

.rela.ctors
 *(.rela.ctors)

.rel.dtors
 *(.rel.dtors)

.rela.dtors
 *(.rela.dtors)

.rel.got
 *(.rel.got)

.rela.got
 *(.rela.got)

.rel.bss
 *(.rel.bss)

.rela.bss
 *(.rela.bss)

.rel.plt
 *(.rel.plt)

.rela.plt
 *(.rela.plt)

.text           0x00000000      0xe22
 *(.vectors)
 .vectors       0x00000000      0x1fc C:/Program Files (x86)/Atmel/Studio/7.0/Packs/atmel/XMEGAA_DFP/1.1.68/gcc/dev/atxmega128a1u/avrxmega7/crtatxmega128a1u.o
                0x00000000                __vector_default
                0x00000000                __vectors
 *(.vectors)
 *(.progmem.gcc*)
                0x000001fc                . = ALIGN (0x2)
                0x000001fc                __trampolines_start = .
 *(.trampolines)
 .trampolines   0x000001fc        0x0 linker stubs
 *(.trampolines*)
                0x000001fc                __trampolines_end = .
 *libprintf_flt.a:*(.progmem.data)
 *libc.a:*(.progmem.data)
 *(.progmem*)
                0x000001fc                . = ALIGN (0x2)
 *(.jumptables)
 *(.jumptables*)
 *(.lowtext)
 *(.lowtext*)
                0x000001fc                __ctors_start = .
 *(.ctors)
                0x000001fc                __ctors_end = .
                0x000001fc                __dtors_start = .
 *(.dtors)
                0x000001fc                __dtors_end = .
 SORT(*)(.ctors)
 SORT(*)(.dtors)
 *(.init0)
 .init0         0x000001fc        0x0 C:/Program Files (x86)/Atmel/Studio/7.0/Packs/atmel/XMEGAA_DFP/1.1.68/gcc/dev/atxmega128a1u/avrxmega7/crtatxmega128a1u.o
                0x000001fc                __init
 *(.init0)
 *(.init1)
 *(.init1)
 *(.init2)
 .init2         0x000001fc       0x18 C:/Program Files (x86)/Atmel/Studio/7.0/Packs/atmel/XMEGAA_DFP/1.1.68/gcc/dev/atxmega128a1u/avrxmega7/crtatxmega128a1u.o
 *(.init2)
 *(.init3)
 *(.init3)
 *(.init4)
 .init4         0x00000214       0x1c c:/program files (x86)/atmel/studio/7.0/toolchain/avr8/avr8-gnu-toolchain/bin/../lib/gcc/avr/5.4.0/avrxmega7\libgcc.a(_copy_data.o)
                0x00000214                __do_copy_data
 .init4         0x00000230       0x10 c:/program files (x86)/atmel/studio/7.0/toolchain/avr8/avr8-gnu-toolchain/bin/../lib/gcc/avr/5.4.0/avrxmega7\libgcc.a(_clear_bss.o)
                0x00000230                __do_clear_bss
 *(.init4)
 *(.init5)
 *(.init5)
 *(.init6)
 *(.init6)
 *(.init7)
 *(.init7)
 *(.init8)
 *(.init8)
 *(.init9)
 .init9         0x00000240        0x4 C:/Program Files (x86)/Atmel/Studio/7.0/Packs/atmel/XMEGAA_DFP/1.1.68/gcc/dev/atxmega128a1u/avrxmega7/crtatxmega128a1u.o
 *(.init9)
 *(.text)
 .text          0x00000244        0x2 C:/Program Files (x86)/Atmel/Studio/7.0/Packs/atmel/XMEGAA_DFP/1.1.68/gcc/dev/atxmega128a1u/avrxmega7/crtatxmega128a1u.o
                0x00000244                __vector_38
                0x00000244                __vector_104
                0x00000244                __vector_22
                0x00000244                __vector_63
                0x00000244                __vector_28
                0x00000244                __vector_67
                0x00000244                __vector_1
                0x00000244                __vector_119
                0x00000244                __vector_32
                0x00000244                __vector_75
                0x00000244                __vector_71
                0x00000244                __vector_91
                0x00000244                __vector_34
                0x00000244                __vector_62
                0x00000244                __vector_77
                0x00000244                __vector_102
                0x00000244                __vector_24
                0x00000244                __vector_12
                0x00000244                __vector_55
                0x00000244                __vector_69
                0x00000244                __vector_81
                0x00000244                __vector_90
                0x00000244                __vector_46
                0x00000244                __bad_interrupt
                0x00000244                __vector_122
                0x00000244                __vector_72
                0x00000244                __vector_114
                0x00000244                __vector_6
                0x00000244                __vector_110
                0x00000244                __vector_31
                0x00000244                __vector_92
                0x00000244                __vector_35
                0x00000244                __vector_78
                0x00000244                __vector_74
                0x00000244                __vector_117
                0x00000244                __vector_39
                0x00000244                __vector_107
                0x00000244                __vector_3
                0x00000244                __vector_105
                0x00000244                __vector_98
                0x00000244                __vector_23
                0x00000244                __vector_68
                0x00000244                __vector_30
                0x00000244                __vector_73
                0x00000244                __vector_45
                0x00000244                __vector_25
                0x00000244                __vector_93
                0x00000244                __vector_61
                0x00000244                __vector_11
                0x00000244                __vector_54
                0x00000244                __vector_99
                0x00000244                __vector_13
                0x00000244                __vector_17
                0x00000244                __vector_19
                0x00000244                __vector_56
                0x00000244                __vector_7
                0x00000244                __vector_125
                0x00000244                __vector_49
                0x00000244                __vector_123
                0x00000244                __vector_41
                0x00000244                __vector_86
                0x00000244                __vector_100
                0x00000244                __vector_101
                0x00000244                __vector_64
                0x00000244                __vector_88
                0x00000244                __vector_109
                0x00000244                __vector_43
                0x00000244                __vector_27
                0x00000244                __vector_5
                0x00000244                __vector_113
                0x00000244                __vector_33
                0x00000244                __vector_76
                0x00000244                __vector_115
                0x00000244                __vector_52
                0x00000244                __vector_37
                0x00000244                __vector_95
                0x00000244                __vector_103
                0x00000244                __vector_96
                0x00000244                __vector_89
                0x00000244                __vector_108
                0x00000244                __vector_4
                0x00000244                __vector_44
                0x00000244                __vector_82
                0x00000244                __vector_106
                0x00000244                __vector_118
                0x00000244                __vector_51
                0x00000244                __vector_9
                0x00000244                __vector_2
                0x00000244                __vector_21
                0x00000244                __vector_15
                0x00000244                __vector_36
                0x00000244                __vector_79
                0x00000244                __vector_58
                0x00000244                __vector_70
                0x00000244                __vector_83
                0x00000244                __vector_29
                0x00000244                __vector_60
                0x00000244                __vector_121
                0x00000244                __vector_40
                0x00000244                __vector_85
                0x00000244                __vector_94
                0x00000244                __vector_126
                0x00000244                __vector_8
                0x00000244                __vector_26
                0x00000244                __vector_48
                0x00000244                __vector_124
                0x00000244                __vector_116
                0x00000244                __vector_112
                0x00000244                __vector_111
                0x00000244                __vector_80
                0x00000244                __vector_14
                0x00000244                __vector_84
                0x00000244                __vector_57
                0x00000244                __vector_53
                0x00000244                __vector_10
                0x00000244                __vector_50
                0x00000244                __vector_16
                0x00000244                __vector_59
                0x00000244                __vector_18
                0x00000244                __vector_97
                0x00000244                __vector_20
                0x00000244                __vector_42
                0x00000244                __vector_87
                0x00000244                __vector_65
                0x00000244                __vector_120
                0x00000246                . = ALIGN (0x2)
 *(.text.*)
 .text.__portable_avr_delay_cycles
                0x00000246       0x16 src/src/uart.o
 .text.usart_serial_getchar
                0x0000025c       0x10 src/src/uart.o
 .text.usart_serial_putchar
                0x0000026c        0x4 src/src/uart.o
 .text.uart_terminal_init
                0x00000270       0x94 src/src/uart.o
                0x00000270                uart_terminal_init
 .text._read    0x00000304       0x32 src/ASF/common/utils/stdio/read.o
                0x00000304                _read
 .text._write   0x00000336       0x24 src/ASF/common/utils/stdio/write.o
                0x00000336                _write
 .text.usart_putchar
                0x0000035a       0x10 src/ASF/xmega/drivers/usart/usart.o
                0x0000035a                usart_putchar
 .text.usart_getchar
                0x0000036a        0xc src/ASF/xmega/drivers/usart/usart.o
                0x0000036a                usart_getchar
 .text.usart_set_baudrate
                0x00000376      0x21e src/ASF/xmega/drivers/usart/usart.o
                0x00000376                usart_set_baudrate
 .text.usart_init_rs232
                0x00000594      0x2c2 src/ASF/xmega/drivers/usart/usart.o
                0x00000594                usart_init_rs232
 .text.__vector_47
                0x00000856       0x44 src/src/timer_counter.o
                0x00000856                __vector_47
 .text.sysclk_init
                0x0000089a       0x6a src/ASF/common/services/clock/xmega/sysclk.o
                0x0000089a                sysclk_init
 .text.sysclk_enable_module
                0x00000904       0x2c src/ASF/common/services/clock/xmega/sysclk.o
                0x00000904                sysclk_enable_module
 .text.ccp_write_io
                0x00000930        0xc src/ASF/xmega/drivers/cpu/ccp.o
                0x00000930                ccp_write_io
 .text.ioport_configure_port_pin
                0x0000093c       0x4e src/ASF/common/services/ioport/xmega/ioport_compat.o
                0x0000093c                ioport_configure_port_pin
 .text.board_init
                0x0000098a       0x1a src/ASF/xmega/boards/xmega_a1u_xplained_pro/board_init.o
                0x0000098a                board_init
 .text.__portable_avr_delay_cycles
                0x000009a4       0x16 src/main.o
 .text.main     0x000009ba       0x14 src/main.o
                0x000009ba                main
 .text.__vector_66
                0x000009ce       0x94 src/main.o
                0x000009ce                __vector_66
 .text.libgcc.div
                0x00000a62       0x44 c:/program files (x86)/atmel/studio/7.0/toolchain/avr8/avr8-gnu-toolchain/bin/../lib/gcc/avr/5.4.0/avrxmega7\libgcc.a(_udivmodsi4.o)
                0x00000a62                __udivmodsi4
 .text.avr-libc
                0x00000aa6       0x94 c:/program files (x86)/atmel/studio/7.0/toolchain/avr8/avr8-gnu-toolchain/bin/../lib/gcc/avr/5.4.0/../../../../avr/lib/avrxmega7\libc.a(fdevopen.o)
                0x00000aa6                fdevopen
 .text.avr-libc
                0x00000b3a       0x60 c:/program files (x86)/atmel/studio/7.0/toolchain/avr8/avr8-gnu-toolchain/bin/../lib/gcc/avr/5.4.0/../../../../avr/lib/avrxmega7\libc.a(puts.o)
                0x00000b3a                puts
 .text.avr-libc
                0x00000b9a       0x34 c:/program files (x86)/atmel/studio/7.0/toolchain/avr8/avr8-gnu-toolchain/bin/../lib/gcc/avr/5.4.0/../../../../avr/lib/avrxmega7\libc.a(calloc.o)
                0x00000b9a                calloc
 .text.avr-libc
                0x00000bce      0x242 c:/program files (x86)/atmel/studio/7.0/toolchain/avr8/avr8-gnu-toolchain/bin/../lib/gcc/avr/5.4.0/../../../../avr/lib/avrxmega7\libc.a(malloc.o)
                0x00000bce                malloc
                0x00000cfe                free
 .text.avr-libc
                0x00000e10        0xe c:/program files (x86)/atmel/studio/7.0/toolchain/avr8/avr8-gnu-toolchain/bin/../lib/gcc/avr/5.4.0/../../../../avr/lib/avrxmega7\libc.a(memset.o)
                0x00000e10                memset
                0x00000e1e                . = ALIGN (0x2)
 *(.fini9)
 .fini9         0x00000e1e        0x0 c:/program files (x86)/atmel/studio/7.0/toolchain/avr8/avr8-gnu-toolchain/bin/../lib/gcc/avr/5.4.0/avrxmega7\libgcc.a(_exit.o)
                0x00000e1e                _exit
                0x00000e1e                exit
 *(.fini9)
 *(.fini8)
 *(.fini8)
 *(.fini7)
 *(.fini7)
 *(.fini6)
 *(.fini6)
 *(.fini5)
 *(.fini5)
 *(.fini4)
 *(.fini4)
 *(.fini3)
 *(.fini3)
 *(.fini2)
 *(.fini2)
 *(.fini1)
 *(.fini1)
 *(.fini0)
 .fini0         0x00000e1e        0x4 c:/program files (x86)/atmel/studio/7.0/toolchain/avr8/avr8-gnu-toolchain/bin/../lib/gcc/avr/5.4.0/avrxmega7\libgcc.a(_exit.o)
 *(.fini0)
                0x00000e22                _etext = .

.data           0x00802000       0x1a load address 0x00000e22
                0x00802000                PROVIDE (__data_start, .)
 *(.data)
 .data          0x00802000        0x6 c:/program files (x86)/atmel/studio/7.0/toolchain/avr8/avr8-gnu-toolchain/bin/../lib/gcc/avr/5.4.0/../../../../avr/lib/avrxmega7\libc.a(malloc.o)
                0x00802000                __malloc_heap_end
                0x00802002                __malloc_heap_start
                0x00802004                __malloc_margin
 *(.data*)
 .data.usart_config.5629
                0x00802006        0x7 src/src/uart.o
 *(.gnu.linkonce.d*)
 *(.rodata)
 *(.rodata*)
 .rodata.str1.1
                0x0080200d        0xc src/main.o
 *(.gnu.linkonce.r*)
                0x0080201a                . = ALIGN (0x2)
 *fill*         0x00802019        0x1 
                0x0080201a                _edata = .
                0x0080201a                PROVIDE (__data_end, .)

.bss            0x0080201a       0x10
                0x0080201a                PROVIDE (__bss_start, .)
 *(.bss)
 *(.bss*)
 *(COMMON)
 COMMON         0x0080201a        0x2 src/ASF/common/utils/stdio/read.o
                0x0080201a                ptr_get
 COMMON         0x0080201c        0x4 src/ASF/common/utils/stdio/write.o
                0x0080201c                ptr_put
                0x0080201e                stdio_base
 COMMON         0x00802020        0x6 c:/program files (x86)/atmel/studio/7.0/toolchain/avr8/avr8-gnu-toolchain/bin/../lib/gcc/avr/5.4.0/../../../../avr/lib/avrxmega7\libc.a(iob.o)
                0x00802020                __iob
 COMMON         0x00802026        0x4 c:/program files (x86)/atmel/studio/7.0/toolchain/avr8/avr8-gnu-toolchain/bin/../lib/gcc/avr/5.4.0/../../../../avr/lib/avrxmega7\libc.a(malloc.o)
                0x00802026                __brkval
                0x00802028                __flp
                0x0080202a                PROVIDE (__bss_end, .)
                0x00000e22                __data_load_start = LOADADDR (.data)
                0x00000e3c                __data_load_end = (__data_load_start + SIZEOF (.data))

.noinit         0x0080202a        0x0
                [!provide]                PROVIDE (__noinit_start, .)
 *(.noinit*)
                [!provide]                PROVIDE (__noinit_end, .)
                0x0080202a                _end = .
                0x0080202a                PROVIDE (__heap_start, .)

.eeprom         0x00810000        0x0
 *(.eeprom*)
                0x00810000                __eeprom_end = .

.fuse
 *(.fuse)
 *(.lfuse)
 *(.hfuse)
 *(.efuse)

.lock
 *(.lock*)

.signature
 *(.signature*)

.user_signatures
 *(.user_signatures*)

.stab
 *(.stab)

.stabstr
 *(.stabstr)

.stab.excl
 *(.stab.excl)

.stab.exclstr
 *(.stab.exclstr)

.stab.index
 *(.stab.index)

.stab.indexstr
 *(.stab.indexstr)

.comment        0x00000000       0x30
 *(.comment)
 .comment       0x00000000       0x30 src/src/uart.o
                                 0x31 (size before relaxing)
 .comment       0x00000030       0x31 src/ASF/common/utils/stdio/read.o
 .comment       0x00000030       0x31 src/ASF/common/utils/stdio/write.o
 .comment       0x00000030       0x31 src/ASF/xmega/drivers/usart/usart.o
 .comment       0x00000030       0x31 src/src/timer_counter.o
 .comment       0x00000030       0x31 src/ASF/common/services/clock/xmega/sysclk.o
 .comment       0x00000030       0x31 src/ASF/common/services/ioport/xmega/ioport_compat.o
 .comment       0x00000030       0x31 src/ASF/xmega/boards/xmega_a1u_xplained_pro/board_init.o
 .comment       0x00000030       0x31 src/main.o
 .comment       0x00000030       0x31 c:/program files (x86)/atmel/studio/7.0/toolchain/avr8/avr8-gnu-toolchain/bin/../lib/gcc/avr/5.4.0/../../../../avr/lib/avrxmega7\libc.a(fdevopen.o)
 .comment       0x00000030       0x31 c:/program files (x86)/atmel/studio/7.0/toolchain/avr8/avr8-gnu-toolchain/bin/../lib/gcc/avr/5.4.0/../../../../avr/lib/avrxmega7\libc.a(iob.o)
 .comment       0x00000030       0x31 c:/program files (x86)/atmel/studio/7.0/toolchain/avr8/avr8-gnu-toolchain/bin/../lib/gcc/avr/5.4.0/../../../../avr/lib/avrxmega7\libc.a(puts.o)
 .comment       0x00000030       0x31 c:/program files (x86)/atmel/studio/7.0/toolchain/avr8/avr8-gnu-toolchain/bin/../lib/gcc/avr/5.4.0/../../../../avr/lib/avrxmega7\libc.a(calloc.o)
 .comment       0x00000030       0x31 c:/program files (x86)/atmel/studio/7.0/toolchain/avr8/avr8-gnu-toolchain/bin/../lib/gcc/avr/5.4.0/../../../../avr/lib/avrxmega7\libc.a(malloc.o)

.note.gnu.avr.deviceinfo
                0x00000000       0x40
 .note.gnu.avr.deviceinfo
                0x00000000       0x40 C:/Program Files (x86)/Atmel/Studio/7.0/Packs/atmel/XMEGAA_DFP/1.1.68/gcc/dev/atxmega128a1u/avrxmega7/crtatxmega128a1u.o

.note.gnu.build-id
 *(.note.gnu.build-id)

.debug
 *(.debug)

.line
 *(.line)

.debug_srcinfo
 *(.debug_srcinfo)

.debug_sfnames
 *(.debug_sfnames)

.debug_aranges  0x00000000      0x1d8
 *(.debug_aranges)
 .debug_aranges
                0x00000000       0x38 src/src/uart.o
 .debug_aranges
                0x00000038       0x20 src/ASF/common/utils/stdio/read.o
 .debug_aranges
                0x00000058       0x20 src/ASF/common/utils/stdio/write.o
 .debug_aranges
                0x00000078       0x58 src/ASF/xmega/drivers/usart/usart.o
 .debug_aranges
                0x000000d0       0x28 src/src/timer_counter.o
 .debug_aranges
                0x000000f8       0x40 src/ASF/common/services/clock/xmega/sysclk.o
 .debug_aranges
                0x00000138       0x20 src/ASF/xmega/drivers/cpu/ccp.o
 .debug_aranges
                0x00000158       0x20 src/ASF/common/services/ioport/xmega/ioport_compat.o
 .debug_aranges
                0x00000178       0x20 src/ASF/xmega/boards/xmega_a1u_xplained_pro/board_init.o
 .debug_aranges
                0x00000198       0x40 src/main.o

.debug_pubnames
 *(.debug_pubnames)

.debug_info     0x00000000     0xe71f
 *(.debug_info .gnu.linkonce.wi.*)
 .debug_info    0x00000000     0x3e5a C:/Program Files (x86)/Atmel/Studio/7.0/Packs/atmel/XMEGAA_DFP/1.1.68/gcc/dev/atxmega128a1u/avrxmega7/crtatxmega128a1u.o
 .debug_info    0x00003e5a     0x23af src/src/uart.o
 .debug_info    0x00006209      0x119 src/ASF/common/utils/stdio/read.o
 .debug_info    0x00006322      0x119 src/ASF/common/utils/stdio/write.o
 .debug_info    0x0000643b     0x327c src/ASF/xmega/drivers/usart/usart.o
 .debug_info    0x000096b7     0x1f6c src/src/timer_counter.o
 .debug_info    0x0000b623      0x846 src/ASF/common/services/clock/xmega/sysclk.o
 .debug_info    0x0000be69       0x9c src/ASF/xmega/drivers/cpu/ccp.o
 .debug_info    0x0000bf05      0x121 src/ASF/common/services/ioport/xmega/ioport_compat.o
 .debug_info    0x0000c026      0x3db src/ASF/xmega/boards/xmega_a1u_xplained_pro/board_init.o
 .debug_info    0x0000c401     0x231e src/main.o

.debug_abbrev   0x00000000     0x4d03
 *(.debug_abbrev)
 .debug_abbrev  0x00000000     0x3b0e C:/Program Files (x86)/Atmel/Studio/7.0/Packs/atmel/XMEGAA_DFP/1.1.68/gcc/dev/atxmega128a1u/avrxmega7/crtatxmega128a1u.o
 .debug_abbrev  0x00003b0e      0x340 src/src/uart.o
 .debug_abbrev  0x00003e4e       0xc5 src/ASF/common/utils/stdio/read.o
 .debug_abbrev  0x00003f13       0xa7 src/ASF/common/utils/stdio/write.o
 .debug_abbrev  0x00003fba      0x3f5 src/ASF/xmega/drivers/usart/usart.o
 .debug_abbrev  0x000043af      0x227 src/src/timer_counter.o
 .debug_abbrev  0x000045d6      0x241 src/ASF/common/services/clock/xmega/sysclk.o
 .debug_abbrev  0x00004817       0x14 src/ASF/xmega/drivers/cpu/ccp.o
 .debug_abbrev  0x0000482b       0x95 src/ASF/common/services/ioport/xmega/ioport_compat.o
 .debug_abbrev  0x000048c0      0x14a src/ASF/xmega/boards/xmega_a1u_xplained_pro/board_init.o
 .debug_abbrev  0x00004a0a      0x2f9 src/main.o

.debug_line     0x00000000     0x42e6
 *(.debug_line .debug_line.* .debug_line_end)
 .debug_line    0x00000000      0x3b5 C:/Program Files (x86)/Atmel/Studio/7.0/Packs/atmel/XMEGAA_DFP/1.1.68/gcc/dev/atxmega128a1u/avrxmega7/crtatxmega128a1u.o
 .debug_line    0x000003b5      0x860 src/src/uart.o
 .debug_line    0x00000c15      0x3d3 src/ASF/common/utils/stdio/read.o
 .debug_line    0x00000fe8      0x3da src/ASF/common/utils/stdio/write.o
 .debug_line    0x000013c2      0xdba src/ASF/xmega/drivers/usart/usart.o
 .debug_line    0x0000217c      0x7fb src/src/timer_counter.o
 .debug_line    0x00002977      0x6bf src/ASF/common/services/clock/xmega/sysclk.o
 .debug_line    0x00003036       0x6e src/ASF/xmega/drivers/cpu/ccp.o
 .debug_line    0x000030a4      0x4b3 src/ASF/common/services/ioport/xmega/ioport_compat.o
 .debug_line    0x00003557      0x4ea src/ASF/xmega/boards/xmega_a1u_xplained_pro/board_init.o
 .debug_line    0x00003a41      0x8a5 src/main.o

.debug_frame    0x00000000      0x42c
 *(.debug_frame)
 .debug_frame   0x00000000       0x70 src/src/uart.o
 .debug_frame   0x00000070       0x34 src/ASF/common/utils/stdio/read.o
 .debug_frame   0x000000a4       0x24 src/ASF/common/utils/stdio/write.o
 .debug_frame   0x000000c8      0x150 src/ASF/xmega/drivers/usart/usart.o
 .debug_frame   0x00000218       0x60 src/src/timer_counter.o
 .debug_frame   0x00000278       0xa4 src/ASF/common/services/clock/xmega/sysclk.o
 .debug_frame   0x0000031c       0x30 src/ASF/common/services/ioport/xmega/ioport_compat.o
 .debug_frame   0x0000034c       0x24 src/ASF/xmega/boards/xmega_a1u_xplained_pro/board_init.o
 .debug_frame   0x00000370       0xbc src/main.o

.debug_str      0x00000000    0x33149
 *(.debug_str)
 .debug_str     0x00000000     0x2969 C:/Program Files (x86)/Atmel/Studio/7.0/Packs/atmel/XMEGAA_DFP/1.1.68/gcc/dev/atxmega128a1u/avrxmega7/crtatxmega128a1u.o
 .debug_str     0x00002969    0x2fd27 src/src/uart.o
                              0x305e9 (size before relaxing)
 .debug_str     0x00032690       0x2b src/ASF/common/utils/stdio/read.o
                              0x2ba52 (size before relaxing)
 .debug_str     0x000326bb       0x2d src/ASF/common/utils/stdio/write.o
                              0x2ba54 (size before relaxing)
 .debug_str     0x000326e8      0x45c src/ASF/xmega/drivers/usart/usart.o
                              0x2ff06 (size before relaxing)
 .debug_str     0x00032b44       0xb3 src/src/timer_counter.o
                              0x30050 (size before relaxing)
 .debug_str     0x00032bf7      0x252 src/ASF/common/services/clock/xmega/sysclk.o
                              0x2eab7 (size before relaxing)
 .debug_str     0x00032e49       0x77 src/ASF/common/services/ioport/xmega/ioport_compat.o
                              0x2c0eb (size before relaxing)
 .debug_str     0x00032ec0       0x5c src/ASF/xmega/boards/xmega_a1u_xplained_pro/board_init.o
                              0x2e386 (size before relaxing)
 .debug_str     0x00032f1c      0x22d src/main.o
                              0x30502 (size before relaxing)

.debug_loc      0x00000000     0x1657
 *(.debug_loc)
 .debug_loc     0x00000000      0x18f src/src/uart.o
 .debug_loc     0x0000018f       0x6e src/ASF/common/utils/stdio/read.o
 .debug_loc     0x000001fd       0x52 src/ASF/common/utils/stdio/write.o
 .debug_loc     0x0000024f      0xe0d src/ASF/xmega/drivers/usart/usart.o
 .debug_loc     0x0000105c       0xde src/src/timer_counter.o
 .debug_loc     0x0000113a      0x301 src/ASF/common/services/clock/xmega/sysclk.o
 .debug_loc     0x0000143b       0x66 src/ASF/common/services/ioport/xmega/ioport_compat.o
 .debug_loc     0x000014a1       0x54 src/ASF/xmega/boards/xmega_a1u_xplained_pro/board_init.o
 .debug_loc     0x000014f5      0x162 src/main.o

.debug_macinfo
 *(.debug_macinfo)

.debug_weaknames
 *(.debug_weaknames)

.debug_funcnames
 *(.debug_funcnames)

.debug_typenames
 *(.debug_typenames)

.debug_varnames
 *(.debug_varnames)

.debug_pubtypes
 *(.debug_pubtypes)

.debug_ranges   0x00000000      0x160
 *(.debug_ranges)
 .debug_ranges  0x00000000       0x28 src/src/uart.o
 .debug_ranges  0x00000028       0x10 src/ASF/common/utils/stdio/read.o
 .debug_ranges  0x00000038       0x10 src/ASF/common/utils/stdio/write.o
 .debug_ranges  0x00000048       0x80 src/ASF/xmega/drivers/usart/usart.o
 .debug_ranges  0x000000c8       0x18 src/src/timer_counter.o
 .debug_ranges  0x000000e0       0x30 src/ASF/common/services/clock/xmega/sysclk.o
 .debug_ranges  0x00000110       0x10 src/ASF/common/services/ioport/xmega/ioport_compat.o
 .debug_ranges  0x00000120       0x10 src/ASF/xmega/boards/xmega_a1u_xplained_pro/board_init.o
 .debug_ranges  0x00000130       0x30 src/main.o

.debug_macro    0x00000000     0x18b1
 *(.debug_macro)
 .debug_macro   0x00000000      0x2c4 src/src/uart.o
 .debug_macro   0x000002c4       0x2e src/src/uart.o
 .debug_macro   0x000002f2      0x16d src/ASF/common/utils/stdio/read.o
 .debug_macro   0x0000045f      0x16d src/ASF/common/utils/stdio/write.o
 .debug_macro   0x000005cc      0x231 src/ASF/xmega/drivers/usart/usart.o
 .debug_macro   0x000007fd      0x302 src/ASF/xmega/drivers/usart/usart.o
 .debug_macro   0x00000aff      0x2bf src/src/timer_counter.o
 .debug_macro   0x00000dbe      0x1eb src/ASF/common/services/clock/xmega/sysclk.o
 .debug_macro   0x00000fa9      0x193 src/ASF/common/services/ioport/xmega/ioport_compat.o
 .debug_macro   0x0000113c      0x1bc src/ASF/xmega/boards/xmega_a1u_xplained_pro/board_init.o
 .debug_macro   0x000012f8      0x2bd src/ASF/xmega/boards/xmega_a1u_xplained_pro/board_init.o
 .debug_macro   0x000015b5      0x2c8 src/main.o
 .debug_macro   0x0000187d       0x34 src/main.o
OUTPUT(OneMonthTemplate.elf elf32-avr)
LOAD linker stubs

.BOOT           0x00020000        0x0
