Archive member included to satisfy reference by file (symbol)

c:/program files (x86)/atmel/studio/7.0/toolchain/avr8/avr8-gnu-toolchain/bin/../lib/gcc/avr/5.4.0/avrxmega7\libgcc.a(_udivmodsi4.o)
                              src/ASF/xmega/drivers/usart/usart.o (__udivmodsi4)
c:/program files (x86)/atmel/studio/7.0/toolchain/avr8/avr8-gnu-toolchain/bin/../lib/gcc/avr/5.4.0/avrxmega7\libgcc.a(_exit.o)
                              C:/Program Files (x86)/Atmel/Studio/7.0/Packs/atmel/XMEGAA_DFP/1.1.68/gcc/dev/atxmega128a1u/avrxmega7/crtatxmega128a1u.o (exit)
c:/program files (x86)/atmel/studio/7.0/toolchain/avr8/avr8-gnu-toolchain/bin/../lib/gcc/avr/5.4.0/avrxmega7\libgcc.a(_umulhisi3.o)
                              src/main.o (__umulhisi3)
c:/program files (x86)/atmel/studio/7.0/toolchain/avr8/avr8-gnu-toolchain/bin/../lib/gcc/avr/5.4.0/../../../../avr/lib/avrxmega7\libc.a(memcpy.o)
                              src/ASF/xmega/drivers/nvm/nvm.o (memcpy)

Discarded input sections

 .data          0x00000000        0x0 C:/Program Files (x86)/Atmel/Studio/7.0/Packs/atmel/XMEGAA_DFP/1.1.68/gcc/dev/atxmega128a1u/avrxmega7/crtatxmega128a1u.o
 .bss           0x00000000        0x0 C:/Program Files (x86)/Atmel/Studio/7.0/Packs/atmel/XMEGAA_DFP/1.1.68/gcc/dev/atxmega128a1u/avrxmega7/crtatxmega128a1u.o
 .group         0x00000000        0x8 src/ASF/xmega/drivers/usart/usart.o
 .group         0x00000000        0x8 src/ASF/xmega/drivers/usart/usart.o
 .group         0x00000000        0x8 src/ASF/xmega/drivers/usart/usart.o
 .group         0x00000000        0x8 src/ASF/xmega/drivers/usart/usart.o
 .group         0x00000000        0x8 src/ASF/xmega/drivers/usart/usart.o
 .group         0x00000000        0x8 src/ASF/xmega/drivers/usart/usart.o
 .group         0x00000000        0x8 src/ASF/xmega/drivers/usart/usart.o
 .group         0x00000000        0x8 src/ASF/xmega/drivers/usart/usart.o
 .group         0x00000000        0x8 src/ASF/xmega/drivers/usart/usart.o
 .group         0x00000000        0x8 src/ASF/xmega/drivers/usart/usart.o
 .group         0x00000000        0x8 src/ASF/xmega/drivers/usart/usart.o
 .group         0x00000000        0x8 src/ASF/xmega/drivers/usart/usart.o
 .group         0x00000000        0x8 src/ASF/xmega/drivers/usart/usart.o
 .group         0x00000000        0x8 src/ASF/xmega/drivers/usart/usart.o
 .group         0x00000000        0x8 src/ASF/xmega/drivers/usart/usart.o
 .group         0x00000000        0x8 src/ASF/xmega/drivers/usart/usart.o
 .group         0x00000000        0x8 src/ASF/xmega/drivers/usart/usart.o
 .group         0x00000000        0x8 src/ASF/xmega/drivers/usart/usart.o
 .group         0x00000000        0x8 src/ASF/xmega/drivers/usart/usart.o
 .group         0x00000000        0x8 src/ASF/xmega/drivers/usart/usart.o
 .group         0x00000000        0x8 src/ASF/xmega/drivers/usart/usart.o
 .group         0x00000000        0x8 src/ASF/xmega/drivers/usart/usart.o
 .group         0x00000000        0x8 src/ASF/xmega/drivers/usart/usart.o
 .group         0x00000000        0x8 src/ASF/xmega/drivers/usart/usart.o
 .group         0x00000000        0x8 src/ASF/xmega/drivers/usart/usart.o
 .group         0x00000000        0x8 src/ASF/xmega/drivers/usart/usart.o
 .group         0x00000000        0x8 src/ASF/xmega/drivers/usart/usart.o
 .group         0x00000000        0x8 src/ASF/xmega/drivers/usart/usart.o
 .group         0x00000000        0x8 src/ASF/xmega/drivers/usart/usart.o
 .group         0x00000000        0x8 src/ASF/xmega/drivers/usart/usart.o
 .group         0x00000000        0x8 src/ASF/xmega/drivers/usart/usart.o
 .group         0x00000000        0x8 src/ASF/xmega/drivers/usart/usart.o
 .group         0x00000000        0x8 src/ASF/xmega/drivers/usart/usart.o
 .group         0x00000000        0x8 src/ASF/xmega/drivers/usart/usart.o
 .group         0x00000000        0x8 src/ASF/xmega/drivers/usart/usart.o
 .group         0x00000000        0x8 src/ASF/xmega/drivers/usart/usart.o
 .group         0x00000000        0x8 src/ASF/xmega/drivers/usart/usart.o
 .group         0x00000000        0x8 src/ASF/xmega/drivers/usart/usart.o
 .group         0x00000000        0x8 src/ASF/xmega/drivers/usart/usart.o
 .group         0x00000000        0x8 src/ASF/xmega/drivers/usart/usart.o
 .text          0x00000000        0x0 src/ASF/xmega/drivers/usart/usart.o
 .data          0x00000000        0x0 src/ASF/xmega/drivers/usart/usart.o
 .bss           0x00000000        0x0 src/ASF/xmega/drivers/usart/usart.o
 .text.usart_putchar
                0x00000000       0x10 src/ASF/xmega/drivers/usart/usart.o
 .text.usart_getchar
                0x00000000        0xc src/ASF/xmega/drivers/usart/usart.o
 .text.usart_set_bsel_bscale_value
                0x00000000       0x10 src/ASF/xmega/drivers/usart/usart.o
 .text.usart_set_baudrate_precalculated
                0x00000000       0xd0 src/ASF/xmega/drivers/usart/usart.o
 .text.usart_set_baudrate
                0x00000000      0x226 src/ASF/xmega/drivers/usart/usart.o
 .text.usart_init_rs232
                0x00000000      0x312 src/ASF/xmega/drivers/usart/usart.o
 .text.usart_spi_set_baudrate
                0x00000000       0x64 src/ASF/xmega/drivers/usart/usart.o
 .text.usart_init_spi
                0x00000000      0x4a6 src/ASF/xmega/drivers/usart/usart.o
 .progmem.data.baudctrl_32mhz
                0x00000000        0xe src/ASF/xmega/drivers/usart/usart.o
 .progmem.data.baudctrl_2mhz
                0x00000000        0xe src/ASF/xmega/drivers/usart/usart.o
 .debug_info    0x00000000     0x327c src/ASF/xmega/drivers/usart/usart.o
 .debug_abbrev  0x00000000      0x3f5 src/ASF/xmega/drivers/usart/usart.o
 .debug_loc     0x00000000      0xe0d src/ASF/xmega/drivers/usart/usart.o
 .debug_aranges
                0x00000000       0x58 src/ASF/xmega/drivers/usart/usart.o
 .debug_ranges  0x00000000       0x80 src/ASF/xmega/drivers/usart/usart.o
 .debug_macro   0x00000000      0x231 src/ASF/xmega/drivers/usart/usart.o
 .debug_macro   0x00000000      0xa96 src/ASF/xmega/drivers/usart/usart.o
 .debug_macro   0x00000000      0x1c9 src/ASF/xmega/drivers/usart/usart.o
 .debug_macro   0x00000000       0x10 src/ASF/xmega/drivers/usart/usart.o
 .debug_macro   0x00000000      0x302 src/ASF/xmega/drivers/usart/usart.o
 .debug_macro   0x00000000       0x9e src/ASF/xmega/drivers/usart/usart.o
 .debug_macro   0x00000000     0x6dbc src/ASF/xmega/drivers/usart/usart.o
 .debug_macro   0x00000000       0x9a src/ASF/xmega/drivers/usart/usart.o
 .debug_macro   0x00000000       0xf1 src/ASF/xmega/drivers/usart/usart.o
 .debug_macro   0x00000000       0x34 src/ASF/xmega/drivers/usart/usart.o
 .debug_macro   0x00000000       0x16 src/ASF/xmega/drivers/usart/usart.o
 .debug_macro   0x00000000       0x18 src/ASF/xmega/drivers/usart/usart.o
 .debug_macro   0x00000000       0x5e src/ASF/xmega/drivers/usart/usart.o
 .debug_macro   0x00000000       0x10 src/ASF/xmega/drivers/usart/usart.o
 .debug_macro   0x00000000       0x22 src/ASF/xmega/drivers/usart/usart.o
 .debug_macro   0x00000000      0x16d src/ASF/xmega/drivers/usart/usart.o
 .debug_macro   0x00000000       0x1c src/ASF/xmega/drivers/usart/usart.o
 .debug_macro   0x00000000       0x35 src/ASF/xmega/drivers/usart/usart.o
 .debug_macro   0x00000000       0x66 src/ASF/xmega/drivers/usart/usart.o
 .debug_macro   0x00000000      0x6d7 src/ASF/xmega/drivers/usart/usart.o
 .debug_macro   0x00000000       0x96 src/ASF/xmega/drivers/usart/usart.o
 .debug_macro   0x00000000       0x17 src/ASF/xmega/drivers/usart/usart.o
 .debug_macro   0x00000000      0x250 src/ASF/xmega/drivers/usart/usart.o
 .debug_macro   0x00000000       0x76 src/ASF/xmega/drivers/usart/usart.o
 .debug_macro   0x00000000       0x16 src/ASF/xmega/drivers/usart/usart.o
 .debug_macro   0x00000000      0x6d9 src/ASF/xmega/drivers/usart/usart.o
 .debug_macro   0x00000000       0x10 src/ASF/xmega/drivers/usart/usart.o
 .debug_macro   0x00000000      0x175 src/ASF/xmega/drivers/usart/usart.o
 .debug_macro   0x00000000       0x40 src/ASF/xmega/drivers/usart/usart.o
 .debug_macro   0x00000000       0x69 src/ASF/xmega/drivers/usart/usart.o
 .debug_macro   0x00000000       0x31 src/ASF/xmega/drivers/usart/usart.o
 .debug_macro   0x00000000       0xe4 src/ASF/xmega/drivers/usart/usart.o
 .debug_macro   0x00000000       0x34 src/ASF/xmega/drivers/usart/usart.o
 .debug_macro   0x00000000       0x22 src/ASF/xmega/drivers/usart/usart.o
 .debug_macro   0x00000000      0x2c3 src/ASF/xmega/drivers/usart/usart.o
 .debug_macro   0x00000000      0x52b src/ASF/xmega/drivers/usart/usart.o
 .debug_macro   0x00000000       0x79 src/ASF/xmega/drivers/usart/usart.o
 .debug_macro   0x00000000       0x2f src/ASF/xmega/drivers/usart/usart.o
 .debug_macro   0x00000000      0x154 src/ASF/xmega/drivers/usart/usart.o
 .debug_macro   0x00000000       0x9a src/ASF/xmega/drivers/usart/usart.o
 .debug_macro   0x00000000      0x102 src/ASF/xmega/drivers/usart/usart.o
 .debug_line    0x00000000      0xdba src/ASF/xmega/drivers/usart/usart.o
 .debug_str     0x00000000    0x2ff06 src/ASF/xmega/drivers/usart/usart.o
 .comment       0x00000000       0x31 src/ASF/xmega/drivers/usart/usart.o
 .debug_frame   0x00000000      0x150 src/ASF/xmega/drivers/usart/usart.o
 .group         0x00000000        0x8 src/src/timer_counter.o
 .group         0x00000000        0x8 src/src/timer_counter.o
 .group         0x00000000        0x8 src/src/timer_counter.o
 .group         0x00000000        0x8 src/src/timer_counter.o
 .group         0x00000000        0x8 src/src/timer_counter.o
 .group         0x00000000        0x8 src/src/timer_counter.o
 .group         0x00000000        0x8 src/src/timer_counter.o
 .group         0x00000000        0x8 src/src/timer_counter.o
 .group         0x00000000        0x8 src/src/timer_counter.o
 .group         0x00000000        0x8 src/src/timer_counter.o
 .group         0x00000000        0x8 src/src/timer_counter.o
 .group         0x00000000        0x8 src/src/timer_counter.o
 .group         0x00000000        0x8 src/src/timer_counter.o
 .group         0x00000000        0x8 src/src/timer_counter.o
 .group         0x00000000        0x8 src/src/timer_counter.o
 .group         0x00000000        0x8 src/src/timer_counter.o
 .group         0x00000000        0x8 src/src/timer_counter.o
 .group         0x00000000        0x8 src/src/timer_counter.o
 .group         0x00000000        0x8 src/src/timer_counter.o
 .group         0x00000000        0x8 src/src/timer_counter.o
 .group         0x00000000        0x8 src/src/timer_counter.o
 .group         0x00000000        0x8 src/src/timer_counter.o
 .group         0x00000000        0x8 src/src/timer_counter.o
 .group         0x00000000        0x8 src/src/timer_counter.o
 .group         0x00000000        0x8 src/src/timer_counter.o
 .group         0x00000000        0x8 src/src/timer_counter.o
 .group         0x00000000        0x8 src/src/timer_counter.o
 .group         0x00000000        0x8 src/src/timer_counter.o
 .group         0x00000000        0x8 src/src/timer_counter.o
 .group         0x00000000        0x8 src/src/timer_counter.o
 .group         0x00000000        0x8 src/src/timer_counter.o
 .group         0x00000000        0x8 src/src/timer_counter.o
 .group         0x00000000        0x8 src/src/timer_counter.o
 .group         0x00000000        0x8 src/src/timer_counter.o
 .group         0x00000000        0x8 src/src/timer_counter.o
 .group         0x00000000        0x8 src/src/timer_counter.o
 .group         0x00000000        0x8 src/src/timer_counter.o
 .group         0x00000000        0x8 src/src/timer_counter.o
 .group         0x00000000        0x8 src/src/timer_counter.o
 .group         0x00000000        0x8 src/src/timer_counter.o
 .group         0x00000000        0x8 src/src/timer_counter.o
 .group         0x00000000        0x8 src/src/timer_counter.o
 .group         0x00000000        0x8 src/src/timer_counter.o
 .group         0x00000000        0x8 src/src/timer_counter.o
 .text          0x00000000        0x0 src/src/timer_counter.o
 .data          0x00000000        0x0 src/src/timer_counter.o
 .bss           0x00000000        0x0 src/src/timer_counter.o
 .text.timer_counter_init
                0x00000000       0x24 src/src/timer_counter.o
 .text.timer_counter_change_period
                0x00000000        0xa src/src/timer_counter.o
 .debug_macro   0x00000000      0xa96 src/src/timer_counter.o
 .debug_macro   0x00000000       0x10 src/src/timer_counter.o
 .debug_macro   0x00000000      0x1c9 src/src/timer_counter.o
 .debug_macro   0x00000000       0x9e src/src/timer_counter.o
 .debug_macro   0x00000000     0x6dbc src/src/timer_counter.o
 .debug_macro   0x00000000       0x9a src/src/timer_counter.o
 .debug_macro   0x00000000       0xf1 src/src/timer_counter.o
 .debug_macro   0x00000000       0x34 src/src/timer_counter.o
 .debug_macro   0x00000000       0x16 src/src/timer_counter.o
 .debug_macro   0x00000000       0x18 src/src/timer_counter.o
 .debug_macro   0x00000000       0x5e src/src/timer_counter.o
 .debug_macro   0x00000000       0x10 src/src/timer_counter.o
 .debug_macro   0x00000000       0x22 src/src/timer_counter.o
 .debug_macro   0x00000000      0x16d src/src/timer_counter.o
 .debug_macro   0x00000000       0x1c src/src/timer_counter.o
 .debug_macro   0x00000000       0x35 src/src/timer_counter.o
 .debug_macro   0x00000000       0x66 src/src/timer_counter.o
 .debug_macro   0x00000000      0x6d7 src/src/timer_counter.o
 .debug_macro   0x00000000       0x96 src/src/timer_counter.o
 .debug_macro   0x00000000       0x17 src/src/timer_counter.o
 .debug_macro   0x00000000      0x250 src/src/timer_counter.o
 .debug_macro   0x00000000       0x76 src/src/timer_counter.o
 .debug_macro   0x00000000       0x16 src/src/timer_counter.o
 .debug_macro   0x00000000      0x6d9 src/src/timer_counter.o
 .debug_macro   0x00000000       0x10 src/src/timer_counter.o
 .debug_macro   0x00000000      0x175 src/src/timer_counter.o
 .debug_macro   0x00000000       0x40 src/src/timer_counter.o
 .debug_macro   0x00000000       0x69 src/src/timer_counter.o
 .debug_macro   0x00000000       0x31 src/src/timer_counter.o
 .debug_macro   0x00000000       0xe4 src/src/timer_counter.o
 .debug_macro   0x00000000       0x22 src/src/timer_counter.o
 .debug_macro   0x00000000      0x2c3 src/src/timer_counter.o
 .debug_macro   0x00000000      0x52b src/src/timer_counter.o
 .debug_macro   0x00000000       0x79 src/src/timer_counter.o
 .debug_macro   0x00000000       0x2f src/src/timer_counter.o
 .debug_macro   0x00000000      0x154 src/src/timer_counter.o
 .debug_macro   0x00000000       0x9a src/src/timer_counter.o
 .debug_macro   0x00000000      0x102 src/src/timer_counter.o
 .group         0x00000000        0x8 src/ASF/common/services/clock/xmega/sysclk.o
 .group         0x00000000        0x8 src/ASF/common/services/clock/xmega/sysclk.o
 .group         0x00000000        0x8 src/ASF/common/services/clock/xmega/sysclk.o
 .group         0x00000000        0x8 src/ASF/common/services/clock/xmega/sysclk.o
 .group         0x00000000        0x8 src/ASF/common/services/clock/xmega/sysclk.o
 .group         0x00000000        0x8 src/ASF/common/services/clock/xmega/sysclk.o
 .group         0x00000000        0x8 src/ASF/common/services/clock/xmega/sysclk.o
 .group         0x00000000        0x8 src/ASF/common/services/clock/xmega/sysclk.o
 .group         0x00000000        0x8 src/ASF/common/services/clock/xmega/sysclk.o
 .group         0x00000000        0x8 src/ASF/common/services/clock/xmega/sysclk.o
 .group         0x00000000        0x8 src/ASF/common/services/clock/xmega/sysclk.o
 .group         0x00000000        0x8 src/ASF/common/services/clock/xmega/sysclk.o
 .group         0x00000000        0x8 src/ASF/common/services/clock/xmega/sysclk.o
 .group         0x00000000        0x8 src/ASF/common/services/clock/xmega/sysclk.o
 .group         0x00000000        0x8 src/ASF/common/services/clock/xmega/sysclk.o
 .group         0x00000000        0x8 src/ASF/common/services/clock/xmega/sysclk.o
 .group         0x00000000        0x8 src/ASF/common/services/clock/xmega/sysclk.o
 .group         0x00000000        0x8 src/ASF/common/services/clock/xmega/sysclk.o
 .group         0x00000000        0x8 src/ASF/common/services/clock/xmega/sysclk.o
 .group         0x00000000        0x8 src/ASF/common/services/clock/xmega/sysclk.o
 .group         0x00000000        0x8 src/ASF/common/services/clock/xmega/sysclk.o
 .group         0x00000000        0x8 src/ASF/common/services/clock/xmega/sysclk.o
 .group         0x00000000        0x8 src/ASF/common/services/clock/xmega/sysclk.o
 .group         0x00000000        0x8 src/ASF/common/services/clock/xmega/sysclk.o
 .group         0x00000000        0x8 src/ASF/common/services/clock/xmega/sysclk.o
 .group         0x00000000        0x8 src/ASF/common/services/clock/xmega/sysclk.o
 .group         0x00000000        0x8 src/ASF/common/services/clock/xmega/sysclk.o
 .group         0x00000000        0x8 src/ASF/common/services/clock/xmega/sysclk.o
 .group         0x00000000        0x8 src/ASF/common/services/clock/xmega/sysclk.o
 .group         0x00000000        0x8 src/ASF/common/services/clock/xmega/sysclk.o
 .group         0x00000000        0x8 src/ASF/common/services/clock/xmega/sysclk.o
 .group         0x00000000        0x8 src/ASF/common/services/clock/xmega/sysclk.o
 .group         0x00000000        0x8 src/ASF/common/services/clock/xmega/sysclk.o
 .group         0x00000000        0x8 src/ASF/common/services/clock/xmega/sysclk.o
 .group         0x00000000        0x8 src/ASF/common/services/clock/xmega/sysclk.o
 .group         0x00000000        0x8 src/ASF/common/services/clock/xmega/sysclk.o
 .group         0x00000000        0x8 src/ASF/common/services/clock/xmega/sysclk.o
 .group         0x00000000        0x8 src/ASF/common/services/clock/xmega/sysclk.o
 .text          0x00000000        0x0 src/ASF/common/services/clock/xmega/sysclk.o
 .data          0x00000000        0x0 src/ASF/common/services/clock/xmega/sysclk.o
 .bss           0x00000000        0x0 src/ASF/common/services/clock/xmega/sysclk.o
 .text.sysclk_enable_module
                0x00000000       0x2c src/ASF/common/services/clock/xmega/sysclk.o
 .text.sysclk_disable_module
                0x00000000       0x2a src/ASF/common/services/clock/xmega/sysclk.o
 .text.sysclk_enable_usb
                0x00000000       0x50 src/ASF/common/services/clock/xmega/sysclk.o
 .text.sysclk_disable_usb
                0x00000000       0x14 src/ASF/common/services/clock/xmega/sysclk.o
 .debug_macro   0x00000000      0xa96 src/ASF/common/services/clock/xmega/sysclk.o
 .debug_macro   0x00000000       0x10 src/ASF/common/services/clock/xmega/sysclk.o
 .debug_macro   0x00000000      0x1c9 src/ASF/common/services/clock/xmega/sysclk.o
 .debug_macro   0x00000000      0x2fc src/ASF/common/services/clock/xmega/sysclk.o
 .debug_macro   0x00000000       0x9e src/ASF/common/services/clock/xmega/sysclk.o
 .debug_macro   0x00000000     0x6dbc src/ASF/common/services/clock/xmega/sysclk.o
 .debug_macro   0x00000000       0x9a src/ASF/common/services/clock/xmega/sysclk.o
 .debug_macro   0x00000000       0xf1 src/ASF/common/services/clock/xmega/sysclk.o
 .debug_macro   0x00000000       0x34 src/ASF/common/services/clock/xmega/sysclk.o
 .debug_macro   0x00000000       0x16 src/ASF/common/services/clock/xmega/sysclk.o
 .debug_macro   0x00000000       0x18 src/ASF/common/services/clock/xmega/sysclk.o
 .debug_macro   0x00000000       0x5e src/ASF/common/services/clock/xmega/sysclk.o
 .debug_macro   0x00000000       0x10 src/ASF/common/services/clock/xmega/sysclk.o
 .debug_macro   0x00000000       0x22 src/ASF/common/services/clock/xmega/sysclk.o
 .debug_macro   0x00000000      0x16d src/ASF/common/services/clock/xmega/sysclk.o
 .debug_macro   0x00000000       0x1c src/ASF/common/services/clock/xmega/sysclk.o
 .debug_macro   0x00000000       0x35 src/ASF/common/services/clock/xmega/sysclk.o
 .debug_macro   0x00000000       0x66 src/ASF/common/services/clock/xmega/sysclk.o
 .debug_macro   0x00000000      0x6d7 src/ASF/common/services/clock/xmega/sysclk.o
 .debug_macro   0x00000000       0x96 src/ASF/common/services/clock/xmega/sysclk.o
 .debug_macro   0x00000000       0x17 src/ASF/common/services/clock/xmega/sysclk.o
 .debug_macro   0x00000000      0x250 src/ASF/common/services/clock/xmega/sysclk.o
 .debug_macro   0x00000000       0x76 src/ASF/common/services/clock/xmega/sysclk.o
 .debug_macro   0x00000000       0x16 src/ASF/common/services/clock/xmega/sysclk.o
 .debug_macro   0x00000000      0x6d9 src/ASF/common/services/clock/xmega/sysclk.o
 .debug_macro   0x00000000       0x10 src/ASF/common/services/clock/xmega/sysclk.o
 .debug_macro   0x00000000      0x175 src/ASF/common/services/clock/xmega/sysclk.o
 .debug_macro   0x00000000       0x40 src/ASF/common/services/clock/xmega/sysclk.o
 .debug_macro   0x00000000       0x69 src/ASF/common/services/clock/xmega/sysclk.o
 .debug_macro   0x00000000       0x31 src/ASF/common/services/clock/xmega/sysclk.o
 .debug_macro   0x00000000       0xe4 src/ASF/common/services/clock/xmega/sysclk.o
 .debug_macro   0x00000000       0x22 src/ASF/common/services/clock/xmega/sysclk.o
 .debug_macro   0x00000000      0x2c3 src/ASF/common/services/clock/xmega/sysclk.o
 .debug_macro   0x00000000      0x52b src/ASF/common/services/clock/xmega/sysclk.o
 .debug_macro   0x00000000       0x79 src/ASF/common/services/clock/xmega/sysclk.o
 .debug_macro   0x00000000       0x2f src/ASF/common/services/clock/xmega/sysclk.o
 .debug_macro   0x00000000      0x154 src/ASF/common/services/clock/xmega/sysclk.o
 .debug_macro   0x00000000       0x26 src/ASF/common/services/clock/xmega/sysclk.o
 .group         0x00000000        0x8 src/ASF/xmega/drivers/nvm/nvm.o
 .group         0x00000000        0x8 src/ASF/xmega/drivers/nvm/nvm.o
 .group         0x00000000        0x8 src/ASF/xmega/drivers/nvm/nvm.o
 .group         0x00000000        0x8 src/ASF/xmega/drivers/nvm/nvm.o
 .group         0x00000000        0x8 src/ASF/xmega/drivers/nvm/nvm.o
 .group         0x00000000        0x8 src/ASF/xmega/drivers/nvm/nvm.o
 .group         0x00000000        0x8 src/ASF/xmega/drivers/nvm/nvm.o
 .group         0x00000000        0x8 src/ASF/xmega/drivers/nvm/nvm.o
 .group         0x00000000        0x8 src/ASF/xmega/drivers/nvm/nvm.o
 .group         0x00000000        0x8 src/ASF/xmega/drivers/nvm/nvm.o
 .group         0x00000000        0x8 src/ASF/xmega/drivers/nvm/nvm.o
 .group         0x00000000        0x8 src/ASF/xmega/drivers/nvm/nvm.o
 .group         0x00000000        0x8 src/ASF/xmega/drivers/nvm/nvm.o
 .group         0x00000000        0x8 src/ASF/xmega/drivers/nvm/nvm.o
 .group         0x00000000        0x8 src/ASF/xmega/drivers/nvm/nvm.o
 .group         0x00000000        0x8 src/ASF/xmega/drivers/nvm/nvm.o
 .group         0x00000000        0x8 src/ASF/xmega/drivers/nvm/nvm.o
 .group         0x00000000        0x8 src/ASF/xmega/drivers/nvm/nvm.o
 .group         0x00000000        0x8 src/ASF/xmega/drivers/nvm/nvm.o
 .group         0x00000000        0x8 src/ASF/xmega/drivers/nvm/nvm.o
 .group         0x00000000        0x8 src/ASF/xmega/drivers/nvm/nvm.o
 .group         0x00000000        0x8 src/ASF/xmega/drivers/nvm/nvm.o
 .group         0x00000000        0x8 src/ASF/xmega/drivers/nvm/nvm.o
 .group         0x00000000        0x8 src/ASF/xmega/drivers/nvm/nvm.o
 .group         0x00000000        0x8 src/ASF/xmega/drivers/nvm/nvm.o
 .group         0x00000000        0x8 src/ASF/xmega/drivers/nvm/nvm.o
 .group         0x00000000        0x8 src/ASF/xmega/drivers/nvm/nvm.o
 .group         0x00000000        0x8 src/ASF/xmega/drivers/nvm/nvm.o
 .group         0x00000000        0x8 src/ASF/xmega/drivers/nvm/nvm.o
 .group         0x00000000        0x8 src/ASF/xmega/drivers/nvm/nvm.o
 .group         0x00000000        0x8 src/ASF/xmega/drivers/nvm/nvm.o
 .group         0x00000000        0x8 src/ASF/xmega/drivers/nvm/nvm.o
 .group         0x00000000        0x8 src/ASF/xmega/drivers/nvm/nvm.o
 .text          0x00000000        0x0 src/ASF/xmega/drivers/nvm/nvm.o
 .data          0x00000000        0x0 src/ASF/xmega/drivers/nvm/nvm.o
 .bss           0x00000000        0x0 src/ASF/xmega/drivers/nvm/nvm.o
 .text.nvm_read_device_serial
                0x00000000       0x90 src/ASF/xmega/drivers/nvm/nvm.o
 .text.nvm_eeprom_read_byte
                0x00000000       0x22 src/ASF/xmega/drivers/nvm/nvm.o
 .text.nvm_eeprom_read_buffer
                0x00000000       0x32 src/ASF/xmega/drivers/nvm/nvm.o
 .text.nvm_eeprom_flush_buffer
                0x00000000       0x24 src/ASF/xmega/drivers/nvm/nvm.o
 .text.nvm_eeprom_load_byte_to_buffer
                0x00000000       0x24 src/ASF/xmega/drivers/nvm/nvm.o
 .text.nvm_eeprom_write_byte
                0x00000000       0x50 src/ASF/xmega/drivers/nvm/nvm.o
 .text.nvm_eeprom_load_page_to_buffer
                0x00000000       0x2e src/ASF/xmega/drivers/nvm/nvm.o
 .text.nvm_eeprom_atomic_write_page
                0x00000000       0x3c src/ASF/xmega/drivers/nvm/nvm.o
 .text.nvm_eeprom_erase_and_write_buffer
                0x00000000       0x86 src/ASF/xmega/drivers/nvm/nvm.o
 .text.nvm_eeprom_split_write_page
                0x00000000       0x3c src/ASF/xmega/drivers/nvm/nvm.o
 .text.nvm_eeprom_fill_buffer_with_value
                0x00000000       0x2a src/ASF/xmega/drivers/nvm/nvm.o
 .text.nvm_eeprom_erase_bytes_in_page
                0x00000000       0x3c src/ASF/xmega/drivers/nvm/nvm.o
 .text.nvm_eeprom_erase_page
                0x00000000       0x14 src/ASF/xmega/drivers/nvm/nvm.o
 .text.nvm_eeprom_erase_bytes_in_all_pages
                0x00000000       0x2e src/ASF/xmega/drivers/nvm/nvm.o
 .text.nvm_eeprom_erase_all
                0x00000000        0xc src/ASF/xmega/drivers/nvm/nvm.o
 .text.nvm_issue_flash_range_crc
                0x00000000       0x5a src/ASF/xmega/drivers/nvm/nvm.o
 .text.nvm_flash_read_buffer
                0x00000000       0x34 src/ASF/xmega/drivers/nvm/nvm.o
 .text.nvm_user_sig_read_buffer
                0x00000000       0x3c src/ASF/xmega/drivers/nvm/nvm.o
 .text.nvm_user_sig_write_buffer
                0x00000000      0x14e src/ASF/xmega/drivers/nvm/nvm.o
 .text.nvm_flash_erase_and_write_buffer
                0x00000000      0x192 src/ASF/xmega/drivers/nvm/nvm.o
 .text.nvm_fuses_read
                0x00000000       0x32 src/ASF/xmega/drivers/nvm/nvm.o
 .debug_info    0x00000000     0x13b2 src/ASF/xmega/drivers/nvm/nvm.o
 .debug_abbrev  0x00000000      0x3bd src/ASF/xmega/drivers/nvm/nvm.o
 .debug_loc     0x00000000     0x1220 src/ASF/xmega/drivers/nvm/nvm.o
 .debug_aranges
                0x00000000       0xc0 src/ASF/xmega/drivers/nvm/nvm.o
 .debug_ranges  0x00000000       0xb0 src/ASF/xmega/drivers/nvm/nvm.o
 .debug_macro   0x00000000      0x198 src/ASF/xmega/drivers/nvm/nvm.o
 .debug_macro   0x00000000      0xa96 src/ASF/xmega/drivers/nvm/nvm.o
 .debug_macro   0x00000000       0x10 src/ASF/xmega/drivers/nvm/nvm.o
 .debug_macro   0x00000000      0x1c9 src/ASF/xmega/drivers/nvm/nvm.o
 .debug_macro   0x00000000      0x2fc src/ASF/xmega/drivers/nvm/nvm.o
 .debug_macro   0x00000000       0x9e src/ASF/xmega/drivers/nvm/nvm.o
 .debug_macro   0x00000000     0x6dbc src/ASF/xmega/drivers/nvm/nvm.o
 .debug_macro   0x00000000       0x9a src/ASF/xmega/drivers/nvm/nvm.o
 .debug_macro   0x00000000       0xf1 src/ASF/xmega/drivers/nvm/nvm.o
 .debug_macro   0x00000000       0x34 src/ASF/xmega/drivers/nvm/nvm.o
 .debug_macro   0x00000000       0x16 src/ASF/xmega/drivers/nvm/nvm.o
 .debug_macro   0x00000000       0x18 src/ASF/xmega/drivers/nvm/nvm.o
 .debug_macro   0x00000000       0x5e src/ASF/xmega/drivers/nvm/nvm.o
 .debug_macro   0x00000000       0x10 src/ASF/xmega/drivers/nvm/nvm.o
 .debug_macro   0x00000000       0x22 src/ASF/xmega/drivers/nvm/nvm.o
 .debug_macro   0x00000000      0x16d src/ASF/xmega/drivers/nvm/nvm.o
 .debug_macro   0x00000000       0x1c src/ASF/xmega/drivers/nvm/nvm.o
 .debug_macro   0x00000000       0x35 src/ASF/xmega/drivers/nvm/nvm.o
 .debug_macro   0x00000000       0x66 src/ASF/xmega/drivers/nvm/nvm.o
 .debug_macro   0x00000000      0x6d7 src/ASF/xmega/drivers/nvm/nvm.o
 .debug_macro   0x00000000       0x96 src/ASF/xmega/drivers/nvm/nvm.o
 .debug_macro   0x00000000       0x17 src/ASF/xmega/drivers/nvm/nvm.o
 .debug_macro   0x00000000      0x250 src/ASF/xmega/drivers/nvm/nvm.o
 .debug_macro   0x00000000       0x76 src/ASF/xmega/drivers/nvm/nvm.o
 .debug_macro   0x00000000       0x16 src/ASF/xmega/drivers/nvm/nvm.o
 .debug_macro   0x00000000      0x6d9 src/ASF/xmega/drivers/nvm/nvm.o
 .debug_macro   0x00000000       0x10 src/ASF/xmega/drivers/nvm/nvm.o
 .debug_macro   0x00000000      0x175 src/ASF/xmega/drivers/nvm/nvm.o
 .debug_macro   0x00000000       0x40 src/ASF/xmega/drivers/nvm/nvm.o
 .debug_macro   0x00000000       0x69 src/ASF/xmega/drivers/nvm/nvm.o
 .debug_macro   0x00000000       0x31 src/ASF/xmega/drivers/nvm/nvm.o
 .debug_macro   0x00000000       0xe4 src/ASF/xmega/drivers/nvm/nvm.o
 .debug_macro   0x00000000       0x26 src/ASF/xmega/drivers/nvm/nvm.o
 .debug_macro   0x00000000       0x16 src/ASF/xmega/drivers/nvm/nvm.o
 .debug_line    0x00000000      0xb62 src/ASF/xmega/drivers/nvm/nvm.o
 .debug_str     0x00000000    0x2c611 src/ASF/xmega/drivers/nvm/nvm.o
 .comment       0x00000000       0x31 src/ASF/xmega/drivers/nvm/nvm.o
 .debug_frame   0x00000000      0x338 src/ASF/xmega/drivers/nvm/nvm.o
 .text          0x00000000        0x0 src/ASF/xmega/drivers/nvm/nvm_asm.o
 .data          0x00000000        0x0 src/ASF/xmega/drivers/nvm/nvm_asm.o
 .bss           0x00000000        0x0 src/ASF/xmega/drivers/nvm/nvm_asm.o
 .text.nvm_read_byte
                0x00000000       0x14 src/ASF/xmega/drivers/nvm/nvm_asm.o
 .BOOT          0x00000000       0x44 src/ASF/xmega/drivers/nvm/nvm_asm.o
 .debug_line    0x00000000      0x11f src/ASF/xmega/drivers/nvm/nvm_asm.o
 .debug_info    0x00000000       0x9c src/ASF/xmega/drivers/nvm/nvm_asm.o
 .debug_abbrev  0x00000000       0x12 src/ASF/xmega/drivers/nvm/nvm_asm.o
 .debug_aranges
                0x00000000       0x28 src/ASF/xmega/drivers/nvm/nvm_asm.o
 .debug_ranges  0x00000000       0x20 src/ASF/xmega/drivers/nvm/nvm_asm.o
 .text          0x00000000        0x0 src/ASF/xmega/drivers/cpu/ccp.o
 .data          0x00000000        0x0 src/ASF/xmega/drivers/cpu/ccp.o
 .bss           0x00000000        0x0 src/ASF/xmega/drivers/cpu/ccp.o
 .group         0x00000000        0x8 src/ASF/common/services/ioport/xmega/ioport_compat.o
 .group         0x00000000        0x8 src/ASF/common/services/ioport/xmega/ioport_compat.o
 .group         0x00000000        0x8 src/ASF/common/services/ioport/xmega/ioport_compat.o
 .group         0x00000000        0x8 src/ASF/common/services/ioport/xmega/ioport_compat.o
 .group         0x00000000        0x8 src/ASF/common/services/ioport/xmega/ioport_compat.o
 .group         0x00000000        0x8 src/ASF/common/services/ioport/xmega/ioport_compat.o
 .group         0x00000000        0x8 src/ASF/common/services/ioport/xmega/ioport_compat.o
 .group         0x00000000        0x8 src/ASF/common/services/ioport/xmega/ioport_compat.o
 .group         0x00000000        0x8 src/ASF/common/services/ioport/xmega/ioport_compat.o
 .group         0x00000000        0x8 src/ASF/common/services/ioport/xmega/ioport_compat.o
 .group         0x00000000        0x8 src/ASF/common/services/ioport/xmega/ioport_compat.o
 .group         0x00000000        0x8 src/ASF/common/services/ioport/xmega/ioport_compat.o
 .group         0x00000000        0x8 src/ASF/common/services/ioport/xmega/ioport_compat.o
 .group         0x00000000        0x8 src/ASF/common/services/ioport/xmega/ioport_compat.o
 .group         0x00000000        0x8 src/ASF/common/services/ioport/xmega/ioport_compat.o
 .group         0x00000000        0x8 src/ASF/common/services/ioport/xmega/ioport_compat.o
 .group         0x00000000        0x8 src/ASF/common/services/ioport/xmega/ioport_compat.o
 .group         0x00000000        0x8 src/ASF/common/services/ioport/xmega/ioport_compat.o
 .group         0x00000000        0x8 src/ASF/common/services/ioport/xmega/ioport_compat.o
 .group         0x00000000        0x8 src/ASF/common/services/ioport/xmega/ioport_compat.o
 .group         0x00000000        0x8 src/ASF/common/services/ioport/xmega/ioport_compat.o
 .group         0x00000000        0x8 src/ASF/common/services/ioport/xmega/ioport_compat.o
 .group         0x00000000        0x8 src/ASF/common/services/ioport/xmega/ioport_compat.o
 .group         0x00000000        0x8 src/ASF/common/services/ioport/xmega/ioport_compat.o
 .group         0x00000000        0x8 src/ASF/common/services/ioport/xmega/ioport_compat.o
 .group         0x00000000        0x8 src/ASF/common/services/ioport/xmega/ioport_compat.o
 .group         0x00000000        0x8 src/ASF/common/services/ioport/xmega/ioport_compat.o
 .group         0x00000000        0x8 src/ASF/common/services/ioport/xmega/ioport_compat.o
 .group         0x00000000        0x8 src/ASF/common/services/ioport/xmega/ioport_compat.o
 .group         0x00000000        0x8 src/ASF/common/services/ioport/xmega/ioport_compat.o
 .group         0x00000000        0x8 src/ASF/common/services/ioport/xmega/ioport_compat.o
 .group         0x00000000        0x8 src/ASF/common/services/ioport/xmega/ioport_compat.o
 .group         0x00000000        0x8 src/ASF/common/services/ioport/xmega/ioport_compat.o
 .text          0x00000000        0x0 src/ASF/common/services/ioport/xmega/ioport_compat.o
 .data          0x00000000        0x0 src/ASF/common/services/ioport/xmega/ioport_compat.o
 .bss           0x00000000        0x0 src/ASF/common/services/ioport/xmega/ioport_compat.o
 .debug_macro   0x00000000      0xa96 src/ASF/common/services/ioport/xmega/ioport_compat.o
 .debug_macro   0x00000000      0x6d7 src/ASF/common/services/ioport/xmega/ioport_compat.o
 .debug_macro   0x00000000       0x10 src/ASF/common/services/ioport/xmega/ioport_compat.o
 .debug_macro   0x00000000      0x1c9 src/ASF/common/services/ioport/xmega/ioport_compat.o
 .debug_macro   0x00000000      0x2fc src/ASF/common/services/ioport/xmega/ioport_compat.o
 .debug_macro   0x00000000       0x9e src/ASF/common/services/ioport/xmega/ioport_compat.o
 .debug_macro   0x00000000     0x6dbc src/ASF/common/services/ioport/xmega/ioport_compat.o
 .debug_macro   0x00000000       0x9a src/ASF/common/services/ioport/xmega/ioport_compat.o
 .debug_macro   0x00000000       0xf1 src/ASF/common/services/ioport/xmega/ioport_compat.o
 .debug_macro   0x00000000       0x34 src/ASF/common/services/ioport/xmega/ioport_compat.o
 .debug_macro   0x00000000       0x16 src/ASF/common/services/ioport/xmega/ioport_compat.o
 .debug_macro   0x00000000       0x18 src/ASF/common/services/ioport/xmega/ioport_compat.o
 .debug_macro   0x00000000       0x5e src/ASF/common/services/ioport/xmega/ioport_compat.o
 .debug_macro   0x00000000       0x10 src/ASF/common/services/ioport/xmega/ioport_compat.o
 .debug_macro   0x00000000       0x22 src/ASF/common/services/ioport/xmega/ioport_compat.o
 .debug_macro   0x00000000      0x16d src/ASF/common/services/ioport/xmega/ioport_compat.o
 .debug_macro   0x00000000       0x1c src/ASF/common/services/ioport/xmega/ioport_compat.o
 .debug_macro   0x00000000       0x35 src/ASF/common/services/ioport/xmega/ioport_compat.o
 .debug_macro   0x00000000       0x66 src/ASF/common/services/ioport/xmega/ioport_compat.o
 .debug_macro   0x00000000       0x96 src/ASF/common/services/ioport/xmega/ioport_compat.o
 .debug_macro   0x00000000       0x17 src/ASF/common/services/ioport/xmega/ioport_compat.o
 .debug_macro   0x00000000      0x250 src/ASF/common/services/ioport/xmega/ioport_compat.o
 .debug_macro   0x00000000       0x76 src/ASF/common/services/ioport/xmega/ioport_compat.o
 .debug_macro   0x00000000       0x16 src/ASF/common/services/ioport/xmega/ioport_compat.o
 .debug_macro   0x00000000      0x6d9 src/ASF/common/services/ioport/xmega/ioport_compat.o
 .debug_macro   0x00000000       0x10 src/ASF/common/services/ioport/xmega/ioport_compat.o
 .debug_macro   0x00000000      0x175 src/ASF/common/services/ioport/xmega/ioport_compat.o
 .debug_macro   0x00000000       0x40 src/ASF/common/services/ioport/xmega/ioport_compat.o
 .debug_macro   0x00000000       0x69 src/ASF/common/services/ioport/xmega/ioport_compat.o
 .debug_macro   0x00000000       0x31 src/ASF/common/services/ioport/xmega/ioport_compat.o
 .debug_macro   0x00000000       0xe4 src/ASF/common/services/ioport/xmega/ioport_compat.o
 .debug_macro   0x00000000       0x9a src/ASF/common/services/ioport/xmega/ioport_compat.o
 .debug_macro   0x00000000      0x102 src/ASF/common/services/ioport/xmega/ioport_compat.o
 .group         0x00000000        0x8 src/ASF/xmega/boards/xmega_a1u_xplained_pro/board_init.o
 .group         0x00000000        0x8 src/ASF/xmega/boards/xmega_a1u_xplained_pro/board_init.o
 .group         0x00000000        0x8 src/ASF/xmega/boards/xmega_a1u_xplained_pro/board_init.o
 .group         0x00000000        0x8 src/ASF/xmega/boards/xmega_a1u_xplained_pro/board_init.o
 .group         0x00000000        0x8 src/ASF/xmega/boards/xmega_a1u_xplained_pro/board_init.o
 .group         0x00000000        0x8 src/ASF/xmega/boards/xmega_a1u_xplained_pro/board_init.o
 .group         0x00000000        0x8 src/ASF/xmega/boards/xmega_a1u_xplained_pro/board_init.o
 .group         0x00000000        0x8 src/ASF/xmega/boards/xmega_a1u_xplained_pro/board_init.o
 .group         0x00000000        0x8 src/ASF/xmega/boards/xmega_a1u_xplained_pro/board_init.o
 .group         0x00000000        0x8 src/ASF/xmega/boards/xmega_a1u_xplained_pro/board_init.o
 .group         0x00000000        0x8 src/ASF/xmega/boards/xmega_a1u_xplained_pro/board_init.o
 .group         0x00000000        0x8 src/ASF/xmega/boards/xmega_a1u_xplained_pro/board_init.o
 .group         0x00000000        0x8 src/ASF/xmega/boards/xmega_a1u_xplained_pro/board_init.o
 .group         0x00000000        0x8 src/ASF/xmega/boards/xmega_a1u_xplained_pro/board_init.o
 .group         0x00000000        0x8 src/ASF/xmega/boards/xmega_a1u_xplained_pro/board_init.o
 .group         0x00000000        0x8 src/ASF/xmega/boards/xmega_a1u_xplained_pro/board_init.o
 .group         0x00000000        0x8 src/ASF/xmega/boards/xmega_a1u_xplained_pro/board_init.o
 .group         0x00000000        0x8 src/ASF/xmega/boards/xmega_a1u_xplained_pro/board_init.o
 .group         0x00000000        0x8 src/ASF/xmega/boards/xmega_a1u_xplained_pro/board_init.o
 .group         0x00000000        0x8 src/ASF/xmega/boards/xmega_a1u_xplained_pro/board_init.o
 .group         0x00000000        0x8 src/ASF/xmega/boards/xmega_a1u_xplained_pro/board_init.o
 .group         0x00000000        0x8 src/ASF/xmega/boards/xmega_a1u_xplained_pro/board_init.o
 .group         0x00000000        0x8 src/ASF/xmega/boards/xmega_a1u_xplained_pro/board_init.o
 .group         0x00000000        0x8 src/ASF/xmega/boards/xmega_a1u_xplained_pro/board_init.o
 .group         0x00000000        0x8 src/ASF/xmega/boards/xmega_a1u_xplained_pro/board_init.o
 .group         0x00000000        0x8 src/ASF/xmega/boards/xmega_a1u_xplained_pro/board_init.o
 .group         0x00000000        0x8 src/ASF/xmega/boards/xmega_a1u_xplained_pro/board_init.o
 .group         0x00000000        0x8 src/ASF/xmega/boards/xmega_a1u_xplained_pro/board_init.o
 .group         0x00000000        0x8 src/ASF/xmega/boards/xmega_a1u_xplained_pro/board_init.o
 .group         0x00000000        0x8 src/ASF/xmega/boards/xmega_a1u_xplained_pro/board_init.o
 .group         0x00000000        0x8 src/ASF/xmega/boards/xmega_a1u_xplained_pro/board_init.o
 .group         0x00000000        0x8 src/ASF/xmega/boards/xmega_a1u_xplained_pro/board_init.o
 .group         0x00000000        0x8 src/ASF/xmega/boards/xmega_a1u_xplained_pro/board_init.o
 .group         0x00000000        0x8 src/ASF/xmega/boards/xmega_a1u_xplained_pro/board_init.o
 .group         0x00000000        0x8 src/ASF/xmega/boards/xmega_a1u_xplained_pro/board_init.o
 .text          0x00000000        0x0 src/ASF/xmega/boards/xmega_a1u_xplained_pro/board_init.o
 .data          0x00000000        0x0 src/ASF/xmega/boards/xmega_a1u_xplained_pro/board_init.o
 .bss           0x00000000        0x0 src/ASF/xmega/boards/xmega_a1u_xplained_pro/board_init.o
 .debug_macro   0x00000000      0xa96 src/ASF/xmega/boards/xmega_a1u_xplained_pro/board_init.o
 .debug_macro   0x00000000       0x10 src/ASF/xmega/boards/xmega_a1u_xplained_pro/board_init.o
 .debug_macro   0x00000000      0x1c9 src/ASF/xmega/boards/xmega_a1u_xplained_pro/board_init.o
 .debug_macro   0x00000000      0x2fc src/ASF/xmega/boards/xmega_a1u_xplained_pro/board_init.o
 .debug_macro   0x00000000       0x9e src/ASF/xmega/boards/xmega_a1u_xplained_pro/board_init.o
 .debug_macro   0x00000000     0x6dbc src/ASF/xmega/boards/xmega_a1u_xplained_pro/board_init.o
 .debug_macro   0x00000000       0x9a src/ASF/xmega/boards/xmega_a1u_xplained_pro/board_init.o
 .debug_macro   0x00000000       0xf1 src/ASF/xmega/boards/xmega_a1u_xplained_pro/board_init.o
 .debug_macro   0x00000000       0x34 src/ASF/xmega/boards/xmega_a1u_xplained_pro/board_init.o
 .debug_macro   0x00000000       0x16 src/ASF/xmega/boards/xmega_a1u_xplained_pro/board_init.o
 .debug_macro   0x00000000       0x18 src/ASF/xmega/boards/xmega_a1u_xplained_pro/board_init.o
 .debug_macro   0x00000000       0x5e src/ASF/xmega/boards/xmega_a1u_xplained_pro/board_init.o
 .debug_macro   0x00000000       0x10 src/ASF/xmega/boards/xmega_a1u_xplained_pro/board_init.o
 .debug_macro   0x00000000       0x22 src/ASF/xmega/boards/xmega_a1u_xplained_pro/board_init.o
 .debug_macro   0x00000000      0x16d src/ASF/xmega/boards/xmega_a1u_xplained_pro/board_init.o
 .debug_macro   0x00000000       0x1c src/ASF/xmega/boards/xmega_a1u_xplained_pro/board_init.o
 .debug_macro   0x00000000       0x35 src/ASF/xmega/boards/xmega_a1u_xplained_pro/board_init.o
 .debug_macro   0x00000000       0x66 src/ASF/xmega/boards/xmega_a1u_xplained_pro/board_init.o
 .debug_macro   0x00000000      0x6d7 src/ASF/xmega/boards/xmega_a1u_xplained_pro/board_init.o
 .debug_macro   0x00000000       0x96 src/ASF/xmega/boards/xmega_a1u_xplained_pro/board_init.o
 .debug_macro   0x00000000       0x17 src/ASF/xmega/boards/xmega_a1u_xplained_pro/board_init.o
 .debug_macro   0x00000000      0x250 src/ASF/xmega/boards/xmega_a1u_xplained_pro/board_init.o
 .debug_macro   0x00000000       0x76 src/ASF/xmega/boards/xmega_a1u_xplained_pro/board_init.o
 .debug_macro   0x00000000       0x16 src/ASF/xmega/boards/xmega_a1u_xplained_pro/board_init.o
 .debug_macro   0x00000000      0x6d9 src/ASF/xmega/boards/xmega_a1u_xplained_pro/board_init.o
 .debug_macro   0x00000000       0x10 src/ASF/xmega/boards/xmega_a1u_xplained_pro/board_init.o
 .debug_macro   0x00000000      0x175 src/ASF/xmega/boards/xmega_a1u_xplained_pro/board_init.o
 .debug_macro   0x00000000       0x40 src/ASF/xmega/boards/xmega_a1u_xplained_pro/board_init.o
 .debug_macro   0x00000000       0x69 src/ASF/xmega/boards/xmega_a1u_xplained_pro/board_init.o
 .debug_macro   0x00000000       0x31 src/ASF/xmega/boards/xmega_a1u_xplained_pro/board_init.o
 .debug_macro   0x00000000       0xe4 src/ASF/xmega/boards/xmega_a1u_xplained_pro/board_init.o
 .debug_macro   0x00000000      0x52b src/ASF/xmega/boards/xmega_a1u_xplained_pro/board_init.o
 .debug_macro   0x00000000       0x9a src/ASF/xmega/boards/xmega_a1u_xplained_pro/board_init.o
 .debug_macro   0x00000000      0x102 src/ASF/xmega/boards/xmega_a1u_xplained_pro/board_init.o
 .group         0x00000000        0x8 src/main.o
 .group         0x00000000        0x8 src/main.o
 .group         0x00000000        0x8 src/main.o
 .group         0x00000000        0x8 src/main.o
 .group         0x00000000        0x8 src/main.o
 .group         0x00000000        0x8 src/main.o
 .group         0x00000000        0x8 src/main.o
 .group         0x00000000        0x8 src/main.o
 .group         0x00000000        0x8 src/main.o
 .group         0x00000000        0x8 src/main.o
 .group         0x00000000        0x8 src/main.o
 .group         0x00000000        0x8 src/main.o
 .group         0x00000000        0x8 src/main.o
 .group         0x00000000        0x8 src/main.o
 .group         0x00000000        0x8 src/main.o
 .group         0x00000000        0x8 src/main.o
 .group         0x00000000        0x8 src/main.o
 .group         0x00000000        0x8 src/main.o
 .group         0x00000000        0x8 src/main.o
 .group         0x00000000        0x8 src/main.o
 .group         0x00000000        0x8 src/main.o
 .group         0x00000000        0x8 src/main.o
 .group         0x00000000        0x8 src/main.o
 .group         0x00000000        0x8 src/main.o
 .group         0x00000000        0x8 src/main.o
 .group         0x00000000        0x8 src/main.o
 .group         0x00000000        0x8 src/main.o
 .group         0x00000000        0x8 src/main.o
 .group         0x00000000        0x8 src/main.o
 .group         0x00000000        0x8 src/main.o
 .group         0x00000000        0x8 src/main.o
 .group         0x00000000        0x8 src/main.o
 .group         0x00000000        0x8 src/main.o
 .group         0x00000000        0x8 src/main.o
 .group         0x00000000        0x8 src/main.o
 .group         0x00000000        0x8 src/main.o
 .group         0x00000000        0x8 src/main.o
 .group         0x00000000        0x8 src/main.o
 .group         0x00000000        0x8 src/main.o
 .group         0x00000000        0x8 src/main.o
 .group         0x00000000        0x8 src/main.o
 .group         0x00000000        0x8 src/main.o
 .group         0x00000000        0x8 src/main.o
 .group         0x00000000        0x8 src/main.o
 .text          0x00000000        0x0 src/main.o
 .data          0x00000000        0x0 src/main.o
 .bss           0x00000000        0x0 src/main.o
 .text.TCE0_init
                0x00000000       0x50 src/main.o
 .debug_macro   0x00000000      0xa96 src/main.o
 .debug_macro   0x00000000       0x10 src/main.o
 .debug_macro   0x00000000      0x1c9 src/main.o
 .debug_macro   0x00000000      0x2fc src/main.o
 .debug_macro   0x00000000       0x9e src/main.o
 .debug_macro   0x00000000     0x6dbc src/main.o
 .debug_macro   0x00000000       0x9a src/main.o
 .debug_macro   0x00000000       0xf1 src/main.o
 .debug_macro   0x00000000       0x34 src/main.o
 .debug_macro   0x00000000       0x16 src/main.o
 .debug_macro   0x00000000       0x18 src/main.o
 .debug_macro   0x00000000       0x5e src/main.o
 .debug_macro   0x00000000       0x10 src/main.o
 .debug_macro   0x00000000       0x22 src/main.o
 .debug_macro   0x00000000      0x16d src/main.o
 .debug_macro   0x00000000       0x1c src/main.o
 .debug_macro   0x00000000       0x35 src/main.o
 .debug_macro   0x00000000       0x66 src/main.o
 .debug_macro   0x00000000      0x6d7 src/main.o
 .debug_macro   0x00000000       0x96 src/main.o
 .debug_macro   0x00000000       0x17 src/main.o
 .debug_macro   0x00000000      0x250 src/main.o
 .debug_macro   0x00000000       0x76 src/main.o
 .debug_macro   0x00000000       0x16 src/main.o
 .debug_macro   0x00000000      0x6d9 src/main.o
 .debug_macro   0x00000000       0x10 src/main.o
 .debug_macro   0x00000000      0x175 src/main.o
 .debug_macro   0x00000000       0x40 src/main.o
 .debug_macro   0x00000000       0x69 src/main.o
 .debug_macro   0x00000000       0x31 src/main.o
 .debug_macro   0x00000000       0xe4 src/main.o
 .debug_macro   0x00000000       0x34 src/main.o
 .debug_macro   0x00000000       0x22 src/main.o
 .debug_macro   0x00000000      0x2c3 src/main.o
 .debug_macro   0x00000000      0x52b src/main.o
 .debug_macro   0x00000000       0x79 src/main.o
 .debug_macro   0x00000000       0x2f src/main.o
 .debug_macro   0x00000000      0x154 src/main.o
 .debug_macro   0x00000000       0x28 src/main.o
 .debug_macro   0x00000000       0x22 src/main.o
 .debug_macro   0x00000000       0x9a src/main.o
 .debug_macro   0x00000000      0x102 src/main.o
 .debug_macro   0x00000000       0x26 src/main.o
 .debug_macro   0x00000000       0x3a src/main.o
 .text          0x00000000        0x0 c:/program files (x86)/atmel/studio/7.0/toolchain/avr8/avr8-gnu-toolchain/bin/../lib/gcc/avr/5.4.0/avrxmega7\libgcc.a(_udivmodsi4.o)
 .data          0x00000000        0x0 c:/program files (x86)/atmel/studio/7.0/toolchain/avr8/avr8-gnu-toolchain/bin/../lib/gcc/avr/5.4.0/avrxmega7\libgcc.a(_udivmodsi4.o)
 .bss           0x00000000        0x0 c:/program files (x86)/atmel/studio/7.0/toolchain/avr8/avr8-gnu-toolchain/bin/../lib/gcc/avr/5.4.0/avrxmega7\libgcc.a(_udivmodsi4.o)
 .text.libgcc.mul
                0x00000000        0x0 c:/program files (x86)/atmel/studio/7.0/toolchain/avr8/avr8-gnu-toolchain/bin/../lib/gcc/avr/5.4.0/avrxmega7\libgcc.a(_udivmodsi4.o)
 .text.libgcc.div
                0x00000000       0x44 c:/program files (x86)/atmel/studio/7.0/toolchain/avr8/avr8-gnu-toolchain/bin/../lib/gcc/avr/5.4.0/avrxmega7\libgcc.a(_udivmodsi4.o)
 .text.libgcc   0x00000000        0x0 c:/program files (x86)/atmel/studio/7.0/toolchain/avr8/avr8-gnu-toolchain/bin/../lib/gcc/avr/5.4.0/avrxmega7\libgcc.a(_udivmodsi4.o)
 .text.libgcc.prologue
                0x00000000        0x0 c:/program files (x86)/atmel/studio/7.0/toolchain/avr8/avr8-gnu-toolchain/bin/../lib/gcc/avr/5.4.0/avrxmega7\libgcc.a(_udivmodsi4.o)
 .text.libgcc.builtins
                0x00000000        0x0 c:/program files (x86)/atmel/studio/7.0/toolchain/avr8/avr8-gnu-toolchain/bin/../lib/gcc/avr/5.4.0/avrxmega7\libgcc.a(_udivmodsi4.o)
 .text.libgcc.fmul
                0x00000000        0x0 c:/program files (x86)/atmel/studio/7.0/toolchain/avr8/avr8-gnu-toolchain/bin/../lib/gcc/avr/5.4.0/avrxmega7\libgcc.a(_udivmodsi4.o)
 .text.libgcc.fixed
                0x00000000        0x0 c:/program files (x86)/atmel/studio/7.0/toolchain/avr8/avr8-gnu-toolchain/bin/../lib/gcc/avr/5.4.0/avrxmega7\libgcc.a(_udivmodsi4.o)
 .text          0x00000000        0x0 c:/program files (x86)/atmel/studio/7.0/toolchain/avr8/avr8-gnu-toolchain/bin/../lib/gcc/avr/5.4.0/avrxmega7\libgcc.a(_exit.o)
 .data          0x00000000        0x0 c:/program files (x86)/atmel/studio/7.0/toolchain/avr8/avr8-gnu-toolchain/bin/../lib/gcc/avr/5.4.0/avrxmega7\libgcc.a(_exit.o)
 .bss           0x00000000        0x0 c:/program files (x86)/atmel/studio/7.0/toolchain/avr8/avr8-gnu-toolchain/bin/../lib/gcc/avr/5.4.0/avrxmega7\libgcc.a(_exit.o)
 .text.libgcc.mul
                0x00000000        0x0 c:/program files (x86)/atmel/studio/7.0/toolchain/avr8/avr8-gnu-toolchain/bin/../lib/gcc/avr/5.4.0/avrxmega7\libgcc.a(_exit.o)
 .text.libgcc.div
                0x00000000        0x0 c:/program files (x86)/atmel/studio/7.0/toolchain/avr8/avr8-gnu-toolchain/bin/../lib/gcc/avr/5.4.0/avrxmega7\libgcc.a(_exit.o)
 .text.libgcc   0x00000000        0x0 c:/program files (x86)/atmel/studio/7.0/toolchain/avr8/avr8-gnu-toolchain/bin/../lib/gcc/avr/5.4.0/avrxmega7\libgcc.a(_exit.o)
 .text.libgcc.prologue
                0x00000000        0x0 c:/program files (x86)/atmel/studio/7.0/toolchain/avr8/avr8-gnu-toolchain/bin/../lib/gcc/avr/5.4.0/avrxmega7\libgcc.a(_exit.o)
 .text.libgcc.builtins
                0x00000000        0x0 c:/program files (x86)/atmel/studio/7.0/toolchain/avr8/avr8-gnu-toolchain/bin/../lib/gcc/avr/5.4.0/avrxmega7\libgcc.a(_exit.o)
 .text.libgcc.fmul
                0x00000000        0x0 c:/program files (x86)/atmel/studio/7.0/toolchain/avr8/avr8-gnu-toolchain/bin/../lib/gcc/avr/5.4.0/avrxmega7\libgcc.a(_exit.o)
 .text.libgcc.fixed
                0x00000000        0x0 c:/program files (x86)/atmel/studio/7.0/toolchain/avr8/avr8-gnu-toolchain/bin/../lib/gcc/avr/5.4.0/avrxmega7\libgcc.a(_exit.o)
 .text          0x00000000        0x0 c:/program files (x86)/atmel/studio/7.0/toolchain/avr8/avr8-gnu-toolchain/bin/../lib/gcc/avr/5.4.0/avrxmega7\libgcc.a(_umulhisi3.o)
 .data          0x00000000        0x0 c:/program files (x86)/atmel/studio/7.0/toolchain/avr8/avr8-gnu-toolchain/bin/../lib/gcc/avr/5.4.0/avrxmega7\libgcc.a(_umulhisi3.o)
 .bss           0x00000000        0x0 c:/program files (x86)/atmel/studio/7.0/toolchain/avr8/avr8-gnu-toolchain/bin/../lib/gcc/avr/5.4.0/avrxmega7\libgcc.a(_umulhisi3.o)
 .text.libgcc.mul
                0x00000000       0x1e c:/program files (x86)/atmel/studio/7.0/toolchain/avr8/avr8-gnu-toolchain/bin/../lib/gcc/avr/5.4.0/avrxmega7\libgcc.a(_umulhisi3.o)
 .text.libgcc.div
                0x00000000        0x0 c:/program files (x86)/atmel/studio/7.0/toolchain/avr8/avr8-gnu-toolchain/bin/../lib/gcc/avr/5.4.0/avrxmega7\libgcc.a(_umulhisi3.o)
 .text.libgcc   0x00000000        0x0 c:/program files (x86)/atmel/studio/7.0/toolchain/avr8/avr8-gnu-toolchain/bin/../lib/gcc/avr/5.4.0/avrxmega7\libgcc.a(_umulhisi3.o)
 .text.libgcc.prologue
                0x00000000        0x0 c:/program files (x86)/atmel/studio/7.0/toolchain/avr8/avr8-gnu-toolchain/bin/../lib/gcc/avr/5.4.0/avrxmega7\libgcc.a(_umulhisi3.o)
 .text.libgcc.builtins
                0x00000000        0x0 c:/program files (x86)/atmel/studio/7.0/toolchain/avr8/avr8-gnu-toolchain/bin/../lib/gcc/avr/5.4.0/avrxmega7\libgcc.a(_umulhisi3.o)
 .text.libgcc.fmul
                0x00000000        0x0 c:/program files (x86)/atmel/studio/7.0/toolchain/avr8/avr8-gnu-toolchain/bin/../lib/gcc/avr/5.4.0/avrxmega7\libgcc.a(_umulhisi3.o)
 .text.libgcc.fixed
                0x00000000        0x0 c:/program files (x86)/atmel/studio/7.0/toolchain/avr8/avr8-gnu-toolchain/bin/../lib/gcc/avr/5.4.0/avrxmega7\libgcc.a(_umulhisi3.o)
 .text          0x00000000        0x0 c:/program files (x86)/atmel/studio/7.0/toolchain/avr8/avr8-gnu-toolchain/bin/../lib/gcc/avr/5.4.0/../../../../avr/lib/avrxmega7\libc.a(memcpy.o)
 .data          0x00000000        0x0 c:/program files (x86)/atmel/studio/7.0/toolchain/avr8/avr8-gnu-toolchain/bin/../lib/gcc/avr/5.4.0/../../../../avr/lib/avrxmega7\libc.a(memcpy.o)
 .bss           0x00000000        0x0 c:/program files (x86)/atmel/studio/7.0/toolchain/avr8/avr8-gnu-toolchain/bin/../lib/gcc/avr/5.4.0/../../../../avr/lib/avrxmega7\libc.a(memcpy.o)
 .text.avr-libc
                0x00000000       0x12 c:/program files (x86)/atmel/studio/7.0/toolchain/avr8/avr8-gnu-toolchain/bin/../lib/gcc/avr/5.4.0/../../../../avr/lib/avrxmega7\libc.a(memcpy.o)

Memory Configuration

Name             Origin             Length             Attributes
text             0x00000000         0x00100000         xr
data             0x00802000         0x0000ffa0         rw !x
eeprom           0x00810000         0x00010000         rw !x
fuse             0x00820000         0x00000006         rw !x
lock             0x00830000         0x00000400         rw !x
signature        0x00840000         0x00000400         rw !x
user_signatures  0x00850000         0x00000400         rw !x
*default*        0x00000000         0xffffffff

Linker script and memory map

LOAD C:/Program Files (x86)/Atmel/Studio/7.0/Packs/atmel/XMEGAA_DFP/1.1.68/gcc/dev/atxmega128a1u/avrxmega7/crtatxmega128a1u.o
LOAD src/ASF/xmega/drivers/usart/usart.o
LOAD src/src/timer_counter.o
LOAD src/ASF/common/services/clock/xmega/sysclk.o
LOAD src/ASF/xmega/drivers/nvm/nvm.o
LOAD src/ASF/xmega/drivers/nvm/nvm_asm.o
LOAD src/ASF/xmega/drivers/cpu/ccp.o
LOAD src/ASF/common/services/ioport/xmega/ioport_compat.o
LOAD src/ASF/xmega/boards/xmega_a1u_xplained_pro/board_init.o
LOAD src/main.o
START GROUP
LOAD c:/program files (x86)/atmel/studio/7.0/toolchain/avr8/avr8-gnu-toolchain/bin/../lib/gcc/avr/5.4.0/../../../../avr/lib/avrxmega7\libm.a
END GROUP
Address of section .BOOT set to 0x20000
START GROUP
LOAD c:/program files (x86)/atmel/studio/7.0/toolchain/avr8/avr8-gnu-toolchain/bin/../lib/gcc/avr/5.4.0/avrxmega7\libgcc.a
LOAD c:/program files (x86)/atmel/studio/7.0/toolchain/avr8/avr8-gnu-toolchain/bin/../lib/gcc/avr/5.4.0/../../../../avr/lib/avrxmega7\libm.a
LOAD c:/program files (x86)/atmel/studio/7.0/toolchain/avr8/avr8-gnu-toolchain/bin/../lib/gcc/avr/5.4.0/../../../../avr/lib/avrxmega7\libc.a
LOAD C:/Program Files (x86)/Atmel/Studio/7.0/Packs/atmel/XMEGAA_DFP/1.1.68/gcc/dev/atxmega128a1u/avrxmega7\libatxmega128a1u.a
END GROUP
                0x00100000                __TEXT_REGION_LENGTH__ = DEFINED (__TEXT_REGION_LENGTH__)?__TEXT_REGION_LENGTH__:0x100000
                0x0000ffa0                __DATA_REGION_LENGTH__ = DEFINED (__DATA_REGION_LENGTH__)?__DATA_REGION_LENGTH__:0xffa0
                0x00010000                __EEPROM_REGION_LENGTH__ = DEFINED (__EEPROM_REGION_LENGTH__)?__EEPROM_REGION_LENGTH__:0x10000
                [0x00000006]                __FUSE_REGION_LENGTH__ = DEFINED (__FUSE_REGION_LENGTH__)?__FUSE_REGION_LENGTH__:0x400
                0x00000400                __LOCK_REGION_LENGTH__ = DEFINED (__LOCK_REGION_LENGTH__)?__LOCK_REGION_LENGTH__:0x400
                0x00000400                __SIGNATURE_REGION_LENGTH__ = DEFINED (__SIGNATURE_REGION_LENGTH__)?__SIGNATURE_REGION_LENGTH__:0x400
                0x00000400                __USER_SIGNATURE_REGION_LENGTH__ = DEFINED (__USER_SIGNATURE_REGION_LENGTH__)?__USER_SIGNATURE_REGION_LENGTH__:0x400

.hash
 *(.hash)

.dynsym
 *(.dynsym)

.dynstr
 *(.dynstr)

.gnu.version
 *(.gnu.version)

.gnu.version_d
 *(.gnu.version_d)

.gnu.version_r
 *(.gnu.version_r)

.rel.init
 *(.rel.init)

.rela.init
 *(.rela.init)

.rel.text
 *(.rel.text)
 *(.rel.text.*)
 *(.rel.gnu.linkonce.t*)

.rela.text
 *(.rela.text)
 *(.rela.text.*)
 *(.rela.gnu.linkonce.t*)

.rel.fini
 *(.rel.fini)

.rela.fini
 *(.rela.fini)

.rel.rodata
 *(.rel.rodata)
 *(.rel.rodata.*)
 *(.rel.gnu.linkonce.r*)

.rela.rodata
 *(.rela.rodata)
 *(.rela.rodata.*)
 *(.rela.gnu.linkonce.r*)

.rel.data
 *(.rel.data)
 *(.rel.data.*)
 *(.rel.gnu.linkonce.d*)

.rela.data
 *(.rela.data)
 *(.rela.data.*)
 *(.rela.gnu.linkonce.d*)

.rel.ctors
 *(.rel.ctors)

.rela.ctors
 *(.rela.ctors)

.rel.dtors
 *(.rel.dtors)

.rela.dtors
 *(.rela.dtors)

.rel.got
 *(.rel.got)

.rela.got
 *(.rela.got)

.rel.bss
 *(.rel.bss)

.rela.bss
 *(.rela.bss)

.rel.plt
 *(.rel.plt)

.rela.plt
 *(.rela.plt)

.text           0x00000000      0x43a
 *(.vectors)
 .vectors       0x00000000      0x1fc C:/Program Files (x86)/Atmel/Studio/7.0/Packs/atmel/XMEGAA_DFP/1.1.68/gcc/dev/atxmega128a1u/avrxmega7/crtatxmega128a1u.o
                0x00000000                __vector_default
                0x00000000                __vectors
 *(.vectors)
 *(.progmem.gcc*)
                0x000001fc                . = ALIGN (0x2)
                0x000001fc                __trampolines_start = .
 *(.trampolines)
 .trampolines   0x000001fc        0x0 linker stubs
 *(.trampolines*)
                0x000001fc                __trampolines_end = .
 *libprintf_flt.a:*(.progmem.data)
 *libc.a:*(.progmem.data)
 *(.progmem*)
                0x000001fc                . = ALIGN (0x2)
 *(.jumptables)
 *(.jumptables*)
 *(.lowtext)
 *(.lowtext*)
                0x000001fc                __ctors_start = .
 *(.ctors)
                0x000001fc                __ctors_end = .
                0x000001fc                __dtors_start = .
 *(.dtors)
                0x000001fc                __dtors_end = .
 SORT(*)(.ctors)
 SORT(*)(.dtors)
 *(.init0)
 .init0         0x000001fc        0x0 C:/Program Files (x86)/Atmel/Studio/7.0/Packs/atmel/XMEGAA_DFP/1.1.68/gcc/dev/atxmega128a1u/avrxmega7/crtatxmega128a1u.o
                0x000001fc                __init
 *(.init0)
 *(.init1)
 *(.init1)
 *(.init2)
 .init2         0x000001fc       0x18 C:/Program Files (x86)/Atmel/Studio/7.0/Packs/atmel/XMEGAA_DFP/1.1.68/gcc/dev/atxmega128a1u/avrxmega7/crtatxmega128a1u.o
 *(.init2)
 *(.init3)
 *(.init3)
 *(.init4)
 *(.init4)
 *(.init5)
 *(.init5)
 *(.init6)
 *(.init6)
 *(.init7)
 *(.init7)
 *(.init8)
 *(.init8)
 *(.init9)
 .init9         0x00000214        0x4 C:/Program Files (x86)/Atmel/Studio/7.0/Packs/atmel/XMEGAA_DFP/1.1.68/gcc/dev/atxmega128a1u/avrxmega7/crtatxmega128a1u.o
 *(.init9)
 *(.text)
 .text          0x00000218        0x2 C:/Program Files (x86)/Atmel/Studio/7.0/Packs/atmel/XMEGAA_DFP/1.1.68/gcc/dev/atxmega128a1u/avrxmega7/crtatxmega128a1u.o
                0x00000218                __vector_38
                0x00000218                __vector_104
                0x00000218                __vector_22
                0x00000218                __vector_63
                0x00000218                __vector_28
                0x00000218                __vector_67
                0x00000218                __vector_1
                0x00000218                __vector_119
                0x00000218                __vector_32
                0x00000218                __vector_75
                0x00000218                __vector_71
                0x00000218                __vector_91
                0x00000218                __vector_34
                0x00000218                __vector_62
                0x00000218                __vector_102
                0x00000218                __vector_24
                0x00000218                __vector_12
                0x00000218                __vector_55
                0x00000218                __vector_69
                0x00000218                __vector_81
                0x00000218                __vector_90
                0x00000218                __vector_46
                0x00000218                __bad_interrupt
                0x00000218                __vector_122
                0x00000218                __vector_72
                0x00000218                __vector_114
                0x00000218                __vector_6
                0x00000218                __vector_110
                0x00000218                __vector_31
                0x00000218                __vector_92
                0x00000218                __vector_35
                0x00000218                __vector_78
                0x00000218                __vector_74
                0x00000218                __vector_117
                0x00000218                __vector_39
                0x00000218                __vector_107
                0x00000218                __vector_3
                0x00000218                __vector_105
                0x00000218                __vector_98
                0x00000218                __vector_23
                0x00000218                __vector_68
                0x00000218                __vector_30
                0x00000218                __vector_73
                0x00000218                __vector_45
                0x00000218                __vector_25
                0x00000218                __vector_93
                0x00000218                __vector_61
                0x00000218                __vector_11
                0x00000218                __vector_54
                0x00000218                __vector_99
                0x00000218                __vector_13
                0x00000218                __vector_17
                0x00000218                __vector_19
                0x00000218                __vector_56
                0x00000218                __vector_7
                0x00000218                __vector_125
                0x00000218                __vector_49
                0x00000218                __vector_123
                0x00000218                __vector_41
                0x00000218                __vector_86
                0x00000218                __vector_100
                0x00000218                __vector_101
                0x00000218                __vector_64
                0x00000218                __vector_88
                0x00000218                __vector_109
                0x00000218                __vector_43
                0x00000218                __vector_27
                0x00000218                __vector_5
                0x00000218                __vector_113
                0x00000218                __vector_33
                0x00000218                __vector_76
                0x00000218                __vector_115
                0x00000218                __vector_52
                0x00000218                __vector_37
                0x00000218                __vector_95
                0x00000218                __vector_103
                0x00000218                __vector_96
                0x00000218                __vector_89
                0x00000218                __vector_4
                0x00000218                __vector_44
                0x00000218                __vector_82
                0x00000218                __vector_106
                0x00000218                __vector_118
                0x00000218                __vector_51
                0x00000218                __vector_9
                0x00000218                __vector_2
                0x00000218                __vector_21
                0x00000218                __vector_15
                0x00000218                __vector_36
                0x00000218                __vector_79
                0x00000218                __vector_58
                0x00000218                __vector_70
                0x00000218                __vector_83
                0x00000218                __vector_29
                0x00000218                __vector_60
                0x00000218                __vector_121
                0x00000218                __vector_40
                0x00000218                __vector_85
                0x00000218                __vector_94
                0x00000218                __vector_126
                0x00000218                __vector_8
                0x00000218                __vector_26
                0x00000218                __vector_48
                0x00000218                __vector_124
                0x00000218                __vector_116
                0x00000218                __vector_112
                0x00000218                __vector_111
                0x00000218                __vector_80
                0x00000218                __vector_84
                0x00000218                __vector_57
                0x00000218                __vector_53
                0x00000218                __vector_10
                0x00000218                __vector_50
                0x00000218                __vector_16
                0x00000218                __vector_59
                0x00000218                __vector_18
                0x00000218                __vector_97
                0x00000218                __vector_20
                0x00000218                __vector_42
                0x00000218                __vector_87
                0x00000218                __vector_65
                0x00000218                __vector_120
                0x0000021a                . = ALIGN (0x2)
 *(.text.*)
 .text.__vector_47
                0x0000021a       0x44 src/src/timer_counter.o
                0x0000021a                __vector_47
 .text.__vector_14
                0x0000025e        0x2 src/src/timer_counter.o
                0x0000025e                __vector_14
 .text.__vector_108
                0x00000260        0x2 src/src/timer_counter.o
                0x00000260                __vector_108
 .text.__vector_77
                0x00000262        0x2 src/src/timer_counter.o
                0x00000262                __vector_77
 .text.sysclk_init
                0x00000264       0x6a src/ASF/common/services/clock/xmega/sysclk.o
                0x00000264                sysclk_init
 .text.ccp_write_io
                0x000002ce        0xc src/ASF/xmega/drivers/cpu/ccp.o
                0x000002ce                ccp_write_io
 .text.ioport_configure_port_pin
                0x000002da       0x4e src/ASF/common/services/ioport/xmega/ioport_compat.o
                0x000002da                ioport_configure_port_pin
 .text.board_init
                0x00000328       0x1a src/ASF/xmega/boards/xmega_a1u_xplained_pro/board_init.o
                0x00000328                board_init
 .text.__portable_avr_delay_cycles
                0x00000342       0x16 src/main.o
 .text.__vector_66
                0x00000358       0x8e src/main.o
                0x00000358                __vector_66
 .text.initialize_interrupt
                0x000003e6       0x1e src/main.o
                0x000003e6                initialize_interrupt
 .text.main     0x00000404       0x32 src/main.o
                0x00000404                main
                0x00000436                . = ALIGN (0x2)
 *(.fini9)
 .fini9         0x00000436        0x0 c:/program files (x86)/atmel/studio/7.0/toolchain/avr8/avr8-gnu-toolchain/bin/../lib/gcc/avr/5.4.0/avrxmega7\libgcc.a(_exit.o)
                0x00000436                _exit
                0x00000436                exit
 *(.fini9)
 *(.fini8)
 *(.fini8)
 *(.fini7)
 *(.fini7)
 *(.fini6)
 *(.fini6)
 *(.fini5)
 *(.fini5)
 *(.fini4)
 *(.fini4)
 *(.fini3)
 *(.fini3)
 *(.fini2)
 *(.fini2)
 *(.fini1)
 *(.fini1)
 *(.fini0)
 .fini0         0x00000436        0x4 c:/program files (x86)/atmel/studio/7.0/toolchain/avr8/avr8-gnu-toolchain/bin/../lib/gcc/avr/5.4.0/avrxmega7\libgcc.a(_exit.o)
 *(.fini0)
                0x0000043a                _etext = .

.data           0x00802000        0x0 load address 0x0000043a
                [!provide]                PROVIDE (__data_start, .)
 *(.data)
 *(.data*)
 *(.gnu.linkonce.d*)
 *(.rodata)
 *(.rodata*)
 *(.gnu.linkonce.r*)
                0x00802000                . = ALIGN (0x2)
                0x00802000                _edata = .
                [!provide]                PROVIDE (__data_end, .)

.bss            0x00802000        0x0
                [!provide]                PROVIDE (__bss_start, .)
 *(.bss)
 *(.bss*)
 *(COMMON)
                [!provide]                PROVIDE (__bss_end, .)
                0x0000043a                __data_load_start = LOADADDR (.data)
                0x0000043a                __data_load_end = (__data_load_start + SIZEOF (.data))

.noinit         0x00802000        0x0
                [!provide]                PROVIDE (__noinit_start, .)
 *(.noinit*)
                [!provide]                PROVIDE (__noinit_end, .)
                0x00802000                _end = .
                [!provide]                PROVIDE (__heap_start, .)

.eeprom         0x00810000        0x0
 *(.eeprom*)
                0x00810000                __eeprom_end = .

.fuse
 *(.fuse)
 *(.lfuse)
 *(.hfuse)
 *(.efuse)

.lock
 *(.lock*)

.signature
 *(.signature*)

.user_signatures
 *(.user_signatures*)

.stab
 *(.stab)

.stabstr
 *(.stabstr)

.stab.excl
 *(.stab.excl)

.stab.exclstr
 *(.stab.exclstr)

.stab.index
 *(.stab.index)

.stab.indexstr
 *(.stab.indexstr)

.comment        0x00000000       0x30
 *(.comment)
 .comment       0x00000000       0x30 src/src/timer_counter.o
                                 0x31 (size before relaxing)
 .comment       0x00000030       0x31 src/ASF/common/services/clock/xmega/sysclk.o
 .comment       0x00000030       0x31 src/ASF/common/services/ioport/xmega/ioport_compat.o
 .comment       0x00000030       0x31 src/ASF/xmega/boards/xmega_a1u_xplained_pro/board_init.o
 .comment       0x00000030       0x31 src/main.o

.note.gnu.avr.deviceinfo
                0x00000000       0x40
 .note.gnu.avr.deviceinfo
                0x00000000       0x40 C:/Program Files (x86)/Atmel/Studio/7.0/Packs/atmel/XMEGAA_DFP/1.1.68/gcc/dev/atxmega128a1u/avrxmega7/crtatxmega128a1u.o

.note.gnu.build-id
 *(.note.gnu.build-id)

.debug
 *(.debug)

.line
 *(.line)

.debug_srcinfo
 *(.debug_srcinfo)

.debug_sfnames
 *(.debug_sfnames)

.debug_aranges  0x00000000      0x128
 *(.debug_aranges)
 .debug_aranges
                0x00000000       0x48 src/src/timer_counter.o
 .debug_aranges
                0x00000048       0x40 src/ASF/common/services/clock/xmega/sysclk.o
 .debug_aranges
                0x00000088       0x20 src/ASF/xmega/drivers/cpu/ccp.o
 .debug_aranges
                0x000000a8       0x20 src/ASF/common/services/ioport/xmega/ioport_compat.o
 .debug_aranges
                0x000000c8       0x20 src/ASF/xmega/boards/xmega_a1u_xplained_pro/board_init.o
 .debug_aranges
                0x000000e8       0x40 src/main.o

.debug_pubnames
 *(.debug_pubnames)

.debug_info     0x00000000     0x8e3b
 *(.debug_info .gnu.linkonce.wi.*)
 .debug_info    0x00000000     0x3e5a C:/Program Files (x86)/Atmel/Studio/7.0/Packs/atmel/XMEGAA_DFP/1.1.68/gcc/dev/atxmega128a1u/avrxmega7/crtatxmega128a1u.o
 .debug_info    0x00003e5a     0x1f69 src/src/timer_counter.o
 .debug_info    0x00005dc3      0x846 src/ASF/common/services/clock/xmega/sysclk.o
 .debug_info    0x00006609       0x9c src/ASF/xmega/drivers/cpu/ccp.o
 .debug_info    0x000066a5      0x121 src/ASF/common/services/ioport/xmega/ioport_compat.o
 .debug_info    0x000067c6      0x3db src/ASF/xmega/boards/xmega_a1u_xplained_pro/board_init.o
 .debug_info    0x00006ba1     0x229a src/main.o

.debug_abbrev   0x00000000     0x441a
 *(.debug_abbrev)
 .debug_abbrev  0x00000000     0x3b0e C:/Program Files (x86)/Atmel/Studio/7.0/Packs/atmel/XMEGAA_DFP/1.1.68/gcc/dev/atxmega128a1u/avrxmega7/crtatxmega128a1u.o
 .debug_abbrev  0x00003b0e      0x237 src/src/timer_counter.o
 .debug_abbrev  0x00003d45      0x241 src/ASF/common/services/clock/xmega/sysclk.o
 .debug_abbrev  0x00003f86       0x14 src/ASF/xmega/drivers/cpu/ccp.o
 .debug_abbrev  0x00003f9a       0x95 src/ASF/common/services/ioport/xmega/ioport_compat.o
 .debug_abbrev  0x0000402f      0x14a src/ASF/xmega/boards/xmega_a1u_xplained_pro/board_init.o
 .debug_abbrev  0x00004179      0x2a1 src/main.o

.debug_line     0x00000000     0x23e1
 *(.debug_line .debug_line.* .debug_line_end)
 .debug_line    0x00000000      0x3b5 C:/Program Files (x86)/Atmel/Studio/7.0/Packs/atmel/XMEGAA_DFP/1.1.68/gcc/dev/atxmega128a1u/avrxmega7/crtatxmega128a1u.o
 .debug_line    0x000003b5      0x77a src/src/timer_counter.o
 .debug_line    0x00000b2f      0x6bf src/ASF/common/services/clock/xmega/sysclk.o
 .debug_line    0x000011ee       0x6e src/ASF/xmega/drivers/cpu/ccp.o
 .debug_line    0x0000125c      0x4b3 src/ASF/common/services/ioport/xmega/ioport_compat.o
 .debug_line    0x0000170f      0x4ea src/ASF/xmega/boards/xmega_a1u_xplained_pro/board_init.o
 .debug_line    0x00001bf9      0x7e8 src/main.o

.debug_frame    0x00000000      0x24c
 *(.debug_frame)
 .debug_frame   0x00000000       0xa0 src/src/timer_counter.o
 .debug_frame   0x000000a0       0xa4 src/ASF/common/services/clock/xmega/sysclk.o
 .debug_frame   0x00000144       0x30 src/ASF/common/services/ioport/xmega/ioport_compat.o
 .debug_frame   0x00000174       0x24 src/ASF/xmega/boards/xmega_a1u_xplained_pro/board_init.o
 .debug_frame   0x00000198       0xb4 src/main.o

.debug_str      0x00000000    0x324a0
 *(.debug_str)
 .debug_str     0x00000000     0x2969 C:/Program Files (x86)/Atmel/Studio/7.0/Packs/atmel/XMEGAA_DFP/1.1.68/gcc/dev/atxmega128a1u/avrxmega7/crtatxmega128a1u.o
 .debug_str     0x00002969    0x2f481 src/src/timer_counter.o
                              0x2fb50 (size before relaxing)
 .debug_str     0x00031dea      0x2b7 src/ASF/common/services/clock/xmega/sysclk.o
                              0x2eab7 (size before relaxing)
 .debug_str     0x000320a1       0xab src/ASF/common/services/ioport/xmega/ioport_compat.o
                              0x2c0eb (size before relaxing)
 .debug_str     0x0003214c       0xf8 src/ASF/xmega/boards/xmega_a1u_xplained_pro/board_init.o
                              0x2e386 (size before relaxing)
 .debug_str     0x00032244      0x25c src/main.o
                              0x2fe90 (size before relaxing)

.debug_loc      0x00000000      0x5ee
 *(.debug_loc)
 .debug_loc     0x00000000       0xde src/src/timer_counter.o
 .debug_loc     0x000000de      0x301 src/ASF/common/services/clock/xmega/sysclk.o
 .debug_loc     0x000003df       0x66 src/ASF/common/services/ioport/xmega/ioport_compat.o
 .debug_loc     0x00000445       0x54 src/ASF/xmega/boards/xmega_a1u_xplained_pro/board_init.o
 .debug_loc     0x00000499      0x155 src/main.o

.debug_macinfo
 *(.debug_macinfo)

.debug_weaknames
 *(.debug_weaknames)

.debug_funcnames
 *(.debug_funcnames)

.debug_typenames
 *(.debug_typenames)

.debug_varnames
 *(.debug_varnames)

.debug_pubtypes
 *(.debug_pubtypes)

.debug_ranges   0x00000000       0xb8
 *(.debug_ranges)
 .debug_ranges  0x00000000       0x38 src/src/timer_counter.o
 .debug_ranges  0x00000038       0x30 src/ASF/common/services/clock/xmega/sysclk.o
 .debug_ranges  0x00000068       0x10 src/ASF/common/services/ioport/xmega/ioport_compat.o
 .debug_ranges  0x00000078       0x10 src/ASF/xmega/boards/xmega_a1u_xplained_pro/board_init.o
 .debug_ranges  0x00000088       0x30 src/main.o

.debug_macro    0x00000000     0x10b3
 *(.debug_macro)
 .debug_macro   0x00000000      0x271 src/src/timer_counter.o
 .debug_macro   0x00000271      0x2fc src/src/timer_counter.o
 .debug_macro   0x0000056d       0x34 src/src/timer_counter.o
 .debug_macro   0x000005a1       0x28 src/src/timer_counter.o
 .debug_macro   0x000005c9       0x22 src/src/timer_counter.o
 .debug_macro   0x000005eb       0x26 src/src/timer_counter.o
 .debug_macro   0x00000611       0x3a src/src/timer_counter.o
 .debug_macro   0x0000064b      0x1eb src/ASF/common/services/clock/xmega/sysclk.o
 .debug_macro   0x00000836      0x193 src/ASF/common/services/ioport/xmega/ioport_compat.o
 .debug_macro   0x000009c9      0x1bc src/ASF/xmega/boards/xmega_a1u_xplained_pro/board_init.o
 .debug_macro   0x00000b85      0x2bd src/ASF/xmega/boards/xmega_a1u_xplained_pro/board_init.o
 .debug_macro   0x00000e42      0x271 src/main.o
OUTPUT(OneMonthTemplate.elf elf32-avr)
LOAD linker stubs

.BOOT           0x00020000        0x0
